\BOOKMARK [1][-]{Doc-Start}{\376\377\000E\000d\000u\000c\000a\000t\000i\000o\000n}{}% 1
\BOOKMARK [1][-]{table.1}{\376\377\000E\000m\000p\000l\000o\000y\000m\000e\000n\000t}{}% 2
\BOOKMARK [1][-]{table.2}{\376\377\000R\000e\000s\000e\000a\000r\000c\000h\000\040\000A\000r\000e\000a\000s}{}% 3
\BOOKMARK [1][-]{table.3}{\376\377\000P\000u\000b\000l\000i\000c\000a\000t\000i\000o\000n\000s}{}% 4
\BOOKMARK [2][-]{section*.1}{\376\377\000P\000u\000b\000l\000i\000s\000h\000e\000d\000\040\000p\000e\000e\000r\000-\000r\000e\000v\000i\000e\000w\000e\000d\000\040\000p\000a\000p\000e\000r\000s}{table.3}% 5
\BOOKMARK [2][-]{section*.2}{\376\377\000M\000a\000n\000u\000s\000c\000r\000i\000p\000t\000s\000\040\000a\000c\000c\000e\000p\000t\000e\000d}{table.3}% 6
\BOOKMARK [2][-]{section*.3}{\376\377\000M\000a\000n\000u\000s\000c\000r\000i\000p\000t\000s\000\040\000u\000n\000d\000e\000r\000\040\000r\000e\000v\000i\000s\000i\000o\000n\000\040\000o\000r\000\040\000r\000e\000v\000i\000e\000w}{table.3}% 7
\BOOKMARK [2][-]{section*.4}{\376\377\000M\000a\000n\000u\000s\000c\000r\000i\000p\000t\000s\000\040\000i\000n\000\040\000p\000r\000e\000p\000a\000r\000a\000t\000i\000o\000n}{table.3}% 8
\BOOKMARK [2][-]{section*.5}{\376\377\000C\000h\000a\000p\000t\000e\000r\000s\000\040\000i\000n\000\040\000B\000o\000o\000k\000s}{table.3}% 9
\BOOKMARK [2][-]{section*.6}{\376\377\000P\000e\000e\000r\000-\000R\000e\000v\000i\000e\000w\000e\000d\000\040\000C\000o\000n\000f\000e\000r\000e\000n\000c\000e\000\040\000P\000r\000o\000c\000e\000e\000d\000i\000n\000g\000s}{table.3}% 10
\BOOKMARK [2][-]{section*.7}{\376\377\000O\000p\000e\000n\000\040\000D\000a\000t\000a}{table.3}% 11
\BOOKMARK [2][-]{section*.8}{\376\377\000P\000h\000D\000\040\000T\000h\000e\000s\000i\000s}{table.3}% 12
\BOOKMARK [1][-]{section*.9}{\376\377\000G\000r\000a\000n\000t\000s}{}% 13
\BOOKMARK [1][-]{table.4}{\376\377\000A\000w\000a\000r\000d\000s}{}% 14
\BOOKMARK [1][-]{table.5}{\376\377\000T\000e\000a\000c\000h\000i\000n\000g}{}% 15
\BOOKMARK [2][-]{section*.10}{\376\377\000S\000e\000m\000i\000n\000a\000r\000s}{table.5}% 16
\BOOKMARK [2][-]{table.6}{\376\377\000L\000e\000c\000t\000u\000r\000e\000-\000b\000a\000s\000e\000d\000\040\000C\000o\000u\000r\000s\000e\000s}{table.5}% 17
\BOOKMARK [2][-]{table.7}{\376\377\000T\000u\000t\000o\000r\000i\000a\000l\000s}{table.5}% 18
\BOOKMARK [1][-]{table.8}{\376\377\000P\000h\000D\000\040\000e\000x\000a\000m\000i\000n\000a\000t\000i\000o\000n\000\040\000c\000o\000m\000m\000i\000t\000t\000e\000e\000s}{}% 19
\BOOKMARK [1][-]{table.9}{\376\377\000S\000u\000p\000e\000r\000v\000i\000s\000i\000o\000n\000/\000M\000e\000n\000t\000o\000r\000s\000h\000i\000p}{}% 20
\BOOKMARK [2][-]{section*.11}{\376\377\000P\000o\000s\000t\000d\000o\000c\000t\000o\000r\000a\000l\000\040\000r\000e\000s\000e\000a\000r\000c\000h\000e\000r\000s}{table.9}% 21
\BOOKMARK [2][-]{table.10}{\376\377\000D\000o\000c\000t\000o\000r\000a\000l\000\040\000s\000t\000u\000d\000e\000n\000t\000s}{table.9}% 22
\BOOKMARK [2][-]{table.11}{\376\377\000M\000a\000s\000t\000e\000r\000\040\000s\000t\000u\000d\000e\000n\000t\000s}{table.9}% 23
\BOOKMARK [2][-]{table.12}{\376\377\000B\000a\000c\000h\000e\000l\000o\000r\000\040\000s\000t\000u\000d\000e\000n\000t\000s}{table.9}% 24
\BOOKMARK [2][-]{table.13}{\376\377\000I\000n\000t\000e\000r\000n\000s\000h\000i\000p\000s\000\040\000a\000n\000d\000\040\000p\000r\000o\000j\000e\000c\000t\000\040\000a\000s\000s\000i\000s\000t\000a\000n\000t\000s\000h\000i\000p\000s}{table.9}% 25
\BOOKMARK [1][-]{table.14}{\376\377\000I\000n\000v\000i\000t\000e\000d\000\040\000T\000a\000l\000k\000s\000\040\000a\000n\000d\000\040\000C\000o\000n\000f\000e\000r\000e\000n\000c\000e\000\040\000A\000c\000t\000i\000v\000i\000t\000y}{}% 26
\BOOKMARK [2][-]{section*.12}{\376\377\000I\000n\000v\000i\000t\000e\000d\000\040\000T\000a\000l\000k\000s}{table.14}% 27
\BOOKMARK [2][-]{section*.13}{\376\377\000C\000o\000n\000f\000e\000r\000e\000n\000c\000e\000\040\000T\000a\000l\000k\000s}{table.14}% 28
\BOOKMARK [2][-]{section*.14}{\376\377\000C\000o\000n\000f\000e\000r\000e\000n\000c\000e\000\040\000P\000o\000s\000t\000e\000r\000s}{table.14}% 29
\BOOKMARK [1][-]{section*.15}{\376\377\000S\000k\000i\000l\000l\000s}{}% 30
\BOOKMARK [2][-]{section*.16}{\376\377\000E\000x\000p\000e\000r\000i\000m\000e\000n\000t\000\040\000P\000r\000o\000g\000r\000a\000m\000m\000i\000n\000g\000\040\000E\000x\000p\000e\000r\000i\000e\000n\000c\000e}{section*.15}% 31
\BOOKMARK [2][-]{table.15}{\376\377\000S\000t\000a\000t\000i\000s\000t\000i\000c\000a\000l\000/\000D\000a\000t\000a\000\040\000A\000n\000a\000l\000y\000s\000i\000s\000\040\000E\000x\000p\000e\000r\000i\000e\000n\000c\000e}{section*.15}% 32
\BOOKMARK [1][-]{table.16}{\376\377\000S\000e\000r\000v\000i\000c\000e}{}% 33
\BOOKMARK [2][-]{section*.17}{\376\377\000I\000n\000s\000t\000i\000t\000u\000t\000i\000o\000n\000a\000l\000\040\000S\000e\000r\000v\000i\000c\000e}{table.16}% 34
\BOOKMARK [2][-]{table.17}{\376\377\000P\000r\000o\000f\000e\000s\000s\000i\000o\000n\000a\000l\000\040\000S\000e\000r\000v\000i\000c\000e}{table.16}% 35
\BOOKMARK [1][-]{table.17}{\376\377\000P\000r\000o\000f\000e\000s\000s\000i\000o\000n\000a\000l\000\040\000M\000e\000m\000b\000e\000r\000s\000h\000i\000p\000s}{}% 36
\BOOKMARK [1][-]{table.18}{\376\377\000L\000a\000n\000g\000u\000a\000g\000e\000s}{}% 37
\BOOKMARK [1][-]{table.18}{\376\377\000C\000o\000m\000m\000u\000n\000i\000t\000y\000\040\000I\000n\000v\000o\000l\000v\000e\000m\000e\000n\000t\000/\000O\000u\000t\000r\000e\000a\000c\000h}{}% 38
