This is LuaHBTeX, Version 1.22.0 (TeX Live 2025)  (format=lualatex 2025.10.21)  7 JAN 2026 12:24
 restricted system commands enabled.
**K_Von_Holzen_CV.tex
(./K_Von_Holzen_CV.tex
LaTeX2e <2025-06-01> patch level 1
L3 programming layer <2025-09-02>
Lua module: luaotfload 2024-12-03 v3.29 Lua based OpenType font support
Lua module: lualibs 2023-07-13 v2.76 ConTeXt Lua standard libraries.
Lua module: lualibs-extended 2023-07-13 v2.76 ConTeXt Lua libraries -- extended collection.
luaotfload | conf : Root cache directory is "C:/Users/KatieVH/AppData/Roaming/TinyTeX/texmf-var/luatex-cache/generic/names".
luaotfload | init : Loading fontloader "fontloader-2023-12-28.lua" from kpse-resolved path "c:/Users/KatieVH/AppData/Roaming/TinyTeX/texmf-dist/tex/luatex/luaotfload/fontloader-2023-12-28.lua".
Lua-only attribute luaotfload@noligature = 1
luaotfload | init : Context OpenType loader version 3.134
Inserting `luaotfload.node_processor' in `pre_linebreak_filter'.
Inserting `luaotfload.node_processor' in `hpack_filter'.
Inserting `luaotfload.glyph_stream' in `glyph_stream_provider'.
Inserting `luaotfload.define_font' in `define_font'.
Lua-only attribute luaotfload_color_attribute = 2
luaotfload | conf : Root cache directory is "C:/Users/KatieVH/AppData/Roaming/TinyTeX/texmf-var/luatex-cache/generic/names".
Inserting `luaotfload.harf.strip_prefix' in `find_opentype_file'.
Inserting `luaotfload.harf.strip_prefix' in `find_truetype_file'.
Removing  `luaotfload.glyph_stream' from `glyph_stream_provider'.
Inserting `luaotfload.harf.glyphstream' in `glyph_stream_provider'.
Inserting `luaotfload.harf.finalize_vlist' in `post_linebreak_filter'.
Inserting `luaotfload.harf.finalize_hlist' in `hpack_filter'.
Inserting `luaotfload.cleanup_files' in `wrapup_run'.
Inserting `luaotfload.harf.finalize_unicode' in `finish_pdffile'.
Inserting `luaotfload.glyphinfo' in `glyph_info'.
Lua-only attribute luaotfload.letterspace_done = 3
Inserting `luaotfload.aux.set_sscale_dimens' in `luaotfload.patch_font'.
Inserting `luaotfload.aux.set_font_index' in `luaotfload.patch_font'.
Inserting `luaotfload.aux.patch_cambria_domh' in `luaotfload.patch_font'.
Inserting `luaotfload.aux.fixup_fontdata' in `luaotfload.patch_font_unsafe'.
Inserting `luaotfload.aux.set_capheight' in `luaotfload.patch_font'.
Inserting `luaotfload.aux.set_xheight' in `luaotfload.patch_font'.
Inserting `luaotfload.rewrite_fontname' in `luaotfload.patch_font'.
Inserting `tracingstacklevels' in `input_level_string'. (c:/Users/KatieVH/AppData/Roaming/TinyTeX/texmf-dist/tex/latex/base/article.cls
Document Class: article 2025/01/22 v1.4n Standard LaTeX document class
(c:/Users/KatieVH/AppData/Roaming/TinyTeX/texmf-dist/tex/latex/base/size10.clo
File: size10.clo 2025/01/22 v1.4n Standard LaTeX file (size option)
luaotfload | db : Font names database loaded from C:/Users/KatieVH/AppData/Roaming/TinyTeX/texmf-var/luatex-cache/generic/names/luaotfload-names.luc.gz)
\c@part=\count273
\c@section=\count274
\c@subsection=\count275
\c@subsubsection=\count276
\c@paragraph=\count277
\c@subparagraph=\count278
\c@figure=\count279
\c@table=\count280
\abovecaptionskip=\skip49
\belowcaptionskip=\skip50
\bibindent=\dimen147
) (c:/Users/KatieVH/AppData/Roaming/TinyTeX/texmf-dist/tex/latex/dejavu/DejaVuSansMono.sty
Package: DejaVuSansMono 2011/06/01 Style file for DejaVuSansMono.
(c:/Users/KatieVH/AppData/Roaming/TinyTeX/texmf-dist/tex/latex/graphics/keyval.sty
Package: keyval 2022/05/29 v1.15 key=value parser (DPC)
\KV@toks@=\toks17
)) (c:/Users/KatieVH/AppData/Roaming/TinyTeX/texmf-dist/tex/latex/carlito/carlito.sty
Package: carlito 2022/10/05 (Bob Tennent) Supports Carlito fonts for LaTeX, pdfLaTeX, luaLaTeX and xeLaTeX.
(c:/Users/KatieVH/AppData/Roaming/TinyTeX/texmf-dist/tex/generic/iftex/ifxetex.sty
Package: ifxetex 2019/10/25 v0.7 ifxetex legacy package. Use iftex instead.
(c:/Users/KatieVH/AppData/Roaming/TinyTeX/texmf-dist/tex/generic/iftex/iftex.sty
Package: iftex 2024/12/12 v1.0g TeX engine tests
)) (c:/Users/KatieVH/AppData/Roaming/TinyTeX/texmf-dist/tex/generic/iftex/ifluatex.sty
Package: ifluatex 2019/10/25 v1.5 ifluatex legacy package. Use iftex instead.
) (c:/Users/KatieVH/AppData/Roaming/TinyTeX/texmf-dist/tex/latex/xkeyval/xkeyval.sty
Package: xkeyval 2022/06/16 v2.9 package option processing (HA)
(c:/Users/KatieVH/AppData/Roaming/TinyTeX/texmf-dist/tex/generic/xkeyval/xkeyval.tex (c:/Users/KatieVH/AppData/Roaming/TinyTeX/texmf-dist/tex/generic/xkeyval/xkvutils.tex
\XKV@toks=\toks18
\XKV@tempa@toks=\toks19
)
\XKV@depth=\count281
File: xkeyval.tex 2014/12/03 v2.7a key=value parser (HA)
)) (c:/Users/KatieVH/AppData/Roaming/TinyTeX/texmf-dist/tex/latex/base/textcomp.sty
Package: textcomp 2024/04/24 v2.1b Standard LaTeX package
) (c:/Users/KatieVH/AppData/Roaming/TinyTeX/texmf-dist/tex/latex/fontspec/fontspec.sty (c:/Users/KatieVH/AppData/Roaming/TinyTeX/texmf-dist/tex/latex/l3packages/xparse/xparse.sty (c:/Users/KatieVH/AppData/Roaming/TinyTeX/texmf-dist/tex/latex/l3kernel/expl3.sty
Package: expl3 2025-09-02 L3 programming layer (loader) 
(c:/Users/KatieVH/AppData/Roaming/TinyTeX/texmf-dist/tex/latex/l3backend/l3backend-luatex.def
File: l3backend-luatex.def 2025-06-09 L3 backend support: PDF output (LuaTeX)
\l__color_backend_stack_int=\count282
Inserting `l3color' in `luaotfload.parse_color'.))
Package: xparse 2024-08-16 L3 Experimental document command parser
)
Package: fontspec 2025/09/29 v2.9g Font selection for XeLaTeX and LuaLaTeX
Lua module: fontspec 2025/09/29 v2.9g Font selection for XeLaTeX and LuaLaTeX (c:/Users/KatieVH/AppData/Roaming/TinyTeX/texmf-dist/tex/latex/fontspec/fontspec-luatex.sty
Package: fontspec-luatex 2025/09/29 v2.9g Font selection for XeLaTeX and LuaLaTeX
\l__fontspec_script_int=\count283
\l__fontspec_language_int=\count284
\l__fontspec_strnum_int=\count285
\l__fontspec_tmp_int=\count286
\l__fontspec_tmpa_int=\count287
\l__fontspec_tmpb_int=\count288
\l__fontspec_tmpc_int=\count289
\l__fontspec_em_int=\count290
\l__fontspec_emdef_int=\count291
\l__fontspec_strong_int=\count292
\l__fontspec_strongdef_int=\count293
\l__fontspec_tmpa_dim=\dimen148
\l__fontspec_tmpb_dim=\dimen149
\l__fontspec_tmpc_dim=\dimen150
(c:/Users/KatieVH/AppData/Roaming/TinyTeX/texmf-dist/tex/latex/base/fontenc.sty
Package: fontenc 2024/12/21 v2.1c Standard LaTeX package
) (c:/Users/KatieVH/AppData/Roaming/TinyTeX/texmf-dist/tex/latex/fontspec/fontspec.cfg)))

Package fontspec Info: 
(fontspec)             Carlito-Regular scale = 1.


Package fontspec Info: 
(fontspec)             Carlito-Regular scale = 1.


Package fontspec Info: 
(fontspec)             Carlito-Bold scale = 1.


Package fontspec Info: 
(fontspec)             Carlito-Italic scale = 1.


Package fontspec Info: 
(fontspec)             Carlito-BoldItalic scale = 1.


Package fontspec Info: 
(fontspec)             Font family 'Carlito(0)' created for font 'Carlito'
(fontspec)             with options [Ligatures = TeX,Scale = 1,Extension =
(fontspec)             .ttf,Ligatures=TeX,Numbers =
(fontspec)             {Lining,Monospaced},UprightFont = *-Regular,ItalicFont
(fontspec)             = *-Italic,BoldFont = *-Bold,BoldItalicFont =
(fontspec)             *-BoldItalic].
(fontspec)              
(fontspec)              This font family consists of the following NFSS
(fontspec)             series/shapes:
(fontspec)              
(fontspec)             - 'normal' (m/n) with NFSS spec.:
(fontspec)             <->s*[1]"[Carlito-Regular.ttf]:mode=node;script=latn;language=dflt;+tlig;+lnum;+tnum;"
(fontspec)             - 'bold' (b/n) with NFSS spec.:
(fontspec)             <->s*[1]"[Carlito-Bold.ttf]:mode=node;script=latn;language=dflt;+tlig;+lnum;+tnum;"
(fontspec)             - 'italic' (m/it) with NFSS spec.:
(fontspec)             <->s*[1]"[Carlito-Italic.ttf]:mode=node;script=latn;language=dflt;+tlig;+lnum;+tnum;"
(fontspec)             - 'bold italic' (b/it) with NFSS spec.:
(fontspec)             <->s*[1]"[Carlito-BoldItalic.ttf]:mode=node;script=latn;language=dflt;+tlig;+lnum;+tnum;"


Package fontspec Info: 
(fontspec)             Carlito-Regular scale = 1.


Package fontspec Info: 
(fontspec)             Carlito-Regular scale = 1.


Package fontspec Info: 
(fontspec)             Carlito-Bold scale = 1.


Package fontspec Info: 
(fontspec)             Carlito-Italic scale = 1.


Package fontspec Info: 
(fontspec)             Carlito-BoldItalic scale = 1.


Package fontspec Info: 
(fontspec)             Font family 'Carlito(1)' created for font 'Carlito'
(fontspec)             with options [Ligatures = TeX,Scale = 1,Extension =
(fontspec)             .ttf,Numbers = {Lining,Monospaced},UprightFont =
(fontspec)             *-Regular,ItalicFont = *-Italic,BoldFont =
(fontspec)             *-Bold,BoldItalicFont = *-BoldItalic].
(fontspec)              
(fontspec)              This font family consists of the following NFSS
(fontspec)             series/shapes:
(fontspec)              
(fontspec)             - 'normal' (m/n) with NFSS spec.:
(fontspec)             <->s*[1]"[Carlito-Regular.ttf]:mode=node;script=latn;language=dflt;+tlig;+lnum;+tnum;"
(fontspec)             - 'bold' (b/n) with NFSS spec.:
(fontspec)             <->s*[1]"[Carlito-Bold.ttf]:mode=node;script=latn;language=dflt;+tlig;+lnum;+tnum;"
(fontspec)             - 'italic' (m/it) with NFSS spec.:
(fontspec)             <->s*[1]"[Carlito-Italic.ttf]:mode=node;script=latn;language=dflt;+tlig;+lnum;+tnum;"
(fontspec)             - 'bold italic' (b/it) with NFSS spec.:
(fontspec)             <->s*[1]"[Carlito-BoldItalic.ttf]:mode=node;script=latn;language=dflt;+tlig;+lnum;+tnum;"


Package fontspec Info: 
(fontspec)             Carlito-Regular scale = 1.


Package fontspec Info: 
(fontspec)             Carlito-Regular scale = 1.


Package fontspec Info: 
(fontspec)             Carlito-Bold scale = 1.


Package fontspec Info: 
(fontspec)             Carlito-Italic scale = 1.


Package fontspec Info: 
(fontspec)             Carlito-BoldItalic scale = 1.


Package fontspec Info: 
(fontspec)             Font family 'Carlito(2)' created for font 'Carlito'
(fontspec)             with options [Ligatures = TeX,Scale = 1,Extension =
(fontspec)             .ttf,Numbers = {Proportional,OldStyle},UprightFont =
(fontspec)             *-Regular,ItalicFont = *-Italic,BoldFont =
(fontspec)             *-Bold,BoldItalicFont = *-BoldItalic].
(fontspec)              
(fontspec)              This font family consists of the following NFSS
(fontspec)             series/shapes:
(fontspec)              
(fontspec)             - 'normal' (m/n) with NFSS spec.:
(fontspec)             <->s*[1]"[Carlito-Regular.ttf]:mode=node;script=latn;language=dflt;+tlig;+pnum;+onum;"
(fontspec)             - 'bold' (b/n) with NFSS spec.:
(fontspec)             <->s*[1]"[Carlito-Bold.ttf]:mode=node;script=latn;language=dflt;+tlig;+pnum;+onum;"
(fontspec)             - 'italic' (m/it) with NFSS spec.:
(fontspec)             <->s*[1]"[Carlito-Italic.ttf]:mode=node;script=latn;language=dflt;+tlig;+pnum;+onum;"
(fontspec)             - 'bold italic' (b/it) with NFSS spec.:
(fontspec)             <->s*[1]"[Carlito-BoldItalic.ttf]:mode=node;script=latn;language=dflt;+tlig;+pnum;+onum;"


Package fontspec Info: 
(fontspec)             Carlito-Regular scale = 1.


Package fontspec Info: 
(fontspec)             Carlito-Regular scale = 1.


Package fontspec Info: 
(fontspec)             Carlito-Bold scale = 1.


Package fontspec Info: 
(fontspec)             Carlito-Italic scale = 1.


Package fontspec Info: 
(fontspec)             Carlito-BoldItalic scale = 1.


Package fontspec Info: 
(fontspec)             Font family 'Carlito(3)' created for font 'Carlito'
(fontspec)             with options [Ligatures = TeX,Scale = 1,Extension =
(fontspec)             .ttf,Numbers = {Proportional,Lining},UprightFont =
(fontspec)             *-Regular,ItalicFont = *-Italic,BoldFont =
(fontspec)             *-Bold,BoldItalicFont = *-BoldItalic].
(fontspec)              
(fontspec)              This font family consists of the following NFSS
(fontspec)             series/shapes:
(fontspec)              
(fontspec)             - 'normal' (m/n) with NFSS spec.:
(fontspec)             <->s*[1]"[Carlito-Regular.ttf]:mode=node;script=latn;language=dflt;+tlig;+pnum;+lnum;"
(fontspec)             - 'bold' (b/n) with NFSS spec.:
(fontspec)             <->s*[1]"[Carlito-Bold.ttf]:mode=node;script=latn;language=dflt;+tlig;+pnum;+lnum;"
(fontspec)             - 'italic' (m/it) with NFSS spec.:
(fontspec)             <->s*[1]"[Carlito-Italic.ttf]:mode=node;script=latn;language=dflt;+tlig;+pnum;+lnum;"
(fontspec)             - 'bold italic' (b/it) with NFSS spec.:
(fontspec)             <->s*[1]"[Carlito-BoldItalic.ttf]:mode=node;script=latn;language=dflt;+tlig;+pnum;+lnum;"


Package fontspec Info: 
(fontspec)             Carlito-Regular scale = 1.


Package fontspec Info: 
(fontspec)             Carlito-Regular scale = 1.


Package fontspec Info: 
(fontspec)             Carlito-Bold scale = 1.


Package fontspec Info: 
(fontspec)             Carlito-Italic scale = 1.


Package fontspec Info: 
(fontspec)             Carlito-BoldItalic scale = 1.


Package fontspec Info: 
(fontspec)             Font family 'Carlito(4)' created for font 'Carlito'
(fontspec)             with options [Ligatures = TeX,Scale = 1,Extension =
(fontspec)             .ttf,Numbers = {Monospaced, Lining},UprightFont =
(fontspec)             *-Regular,ItalicFont = *-Italic,BoldFont =
(fontspec)             *-Bold,BoldItalicFont = *-BoldItalic].
(fontspec)              
(fontspec)              This font family consists of the following NFSS
(fontspec)             series/shapes:
(fontspec)              
(fontspec)             - 'normal' (m/n) with NFSS spec.:
(fontspec)             <->s*[1]"[Carlito-Regular.ttf]:mode=node;script=latn;language=dflt;+tlig;+tnum;+lnum;"
(fontspec)             - 'bold' (b/n) with NFSS spec.:
(fontspec)             <->s*[1]"[Carlito-Bold.ttf]:mode=node;script=latn;language=dflt;+tlig;+tnum;+lnum;"
(fontspec)             - 'italic' (m/it) with NFSS spec.:
(fontspec)             <->s*[1]"[Carlito-Italic.ttf]:mode=node;script=latn;language=dflt;+tlig;+tnum;+lnum;"
(fontspec)             - 'bold italic' (b/it) with NFSS spec.:
(fontspec)             <->s*[1]"[Carlito-BoldItalic.ttf]:mode=node;script=latn;language=dflt;+tlig;+tnum;+lnum;"


Package fontspec Info: 
(fontspec)             Carlito-Regular scale = 1.


Package fontspec Info: 
(fontspec)             Carlito-Regular scale = 1.


Package fontspec Info: 
(fontspec)             Carlito-Bold scale = 1.


Package fontspec Info: 
(fontspec)             Carlito-Italic scale = 1.


Package fontspec Info: 
(fontspec)             Carlito-BoldItalic scale = 1.


Package fontspec Info: 
(fontspec)             Font family 'Carlito(5)' created for font 'Carlito'
(fontspec)             with options [Ligatures = TeX,Scale = 1,Extension =
(fontspec)             .ttf,Numbers = {Monospaced, OldStyle},UprightFont =
(fontspec)             *-Regular,ItalicFont = *-Italic,BoldFont =
(fontspec)             *-Bold,BoldItalicFont = *-BoldItalic].
(fontspec)              
(fontspec)              This font family consists of the following NFSS
(fontspec)             series/shapes:
(fontspec)              
(fontspec)             - 'normal' (m/n) with NFSS spec.:
(fontspec)             <->s*[1]"[Carlito-Regular.ttf]:mode=node;script=latn;language=dflt;+tlig;+tnum;+onum;"
(fontspec)             - 'bold' (b/n) with NFSS spec.:
(fontspec)             <->s*[1]"[Carlito-Bold.ttf]:mode=node;script=latn;language=dflt;+tlig;+tnum;+onum;"
(fontspec)             - 'italic' (m/it) with NFSS spec.:
(fontspec)             <->s*[1]"[Carlito-Italic.ttf]:mode=node;script=latn;language=dflt;+tlig;+tnum;+onum;"
(fontspec)             - 'bold italic' (b/it) with NFSS spec.:
(fontspec)             <->s*[1]"[Carlito-BoldItalic.ttf]:mode=node;script=latn;language=dflt;+tlig;+tnum;+onum;"

) (c:/Users/KatieVH/AppData/Roaming/TinyTeX/texmf-dist/tex/latex/graphics/color.sty
Package: color 2025/01/14 v1.3e Standard LaTeX Color (DPC)
(c:/Users/KatieVH/AppData/Roaming/TinyTeX/texmf-dist/tex/latex/graphics-cfg/color.cfg
File: color.cfg 2016/01/02 v1.6 sample color configuration
)
Package color Info: Driver file: luatex.def on input line 149.
(c:/Users/KatieVH/AppData/Roaming/TinyTeX/texmf-dist/tex/latex/graphics-def/luatex.def
File: luatex.def 2025/09/29 v1.2f Graphics/color driver for luatex
) (c:/Users/KatieVH/AppData/Roaming/TinyTeX/texmf-dist/tex/latex/graphics/mathcolor.ltx)) (c:/Users/KatieVH/AppData/Roaming/TinyTeX/texmf-dist/tex/latex/xcolor/xcolor.sty
Package: xcolor 2024/09/29 v3.02 LaTeX color extensions (UK)
(c:/Users/KatieVH/AppData/Roaming/TinyTeX/texmf-dist/tex/latex/graphics-cfg/color.cfg
File: color.cfg 2016/01/02 v1.6 sample color configuration
)
Package xcolor Info: Driver file: luatex.def on input line 274.
LaTeX Info: Redefining \color on input line 762.
(c:/Users/KatieVH/AppData/Roaming/TinyTeX/texmf-dist/tex/latex/graphics/mathcolor.ltx)
Package xcolor Info: Model `cmy' substituted by `cmy0' on input line 1349.
Package xcolor Info: Model `hsb' substituted by `rgb' on input line 1353.
Package xcolor Info: Model `RGB' extended on input line 1365.
Package xcolor Info: Model `HTML' substituted by `rgb' on input line 1367.
Package xcolor Info: Model `Hsb' substituted by `hsb' on input line 1368.
Package xcolor Info: Model `tHsb' substituted by `hsb' on input line 1369.
Package xcolor Info: Model `HSB' substituted by `hsb' on input line 1370.
Package xcolor Info: Model `Gray' substituted by `gray' on input line 1371.
Package xcolor Info: Model `wave' substituted by `hsb' on input line 1372.
) (c:/Users/KatieVH/AppData/Roaming/TinyTeX/texmf-dist/tex/latex/base/fixltx2e.sty
Package: fixltx2e 2016/12/29 v2.1a fixes to LaTeX (obsolete)
Applying: [2015/01/01] Old fixltx2e package on input line 46.

Package fixltx2e Warning: fixltx2e is not required with releases after 2015
(fixltx2e)                All fixes are now in the LaTeX kernel.
(fixltx2e)                See the latexrelease package for details.

Already applied: [0000/00/00] Old fixltx2e package on input line 53.
) (c:/Users/KatieVH/AppData/Roaming/TinyTeX/texmf-dist/tex/latex/base/inputenc.sty
Package: inputenc 2024/02/08 v1.3d Input encoding file
\inpenc@prehook=\toks20
\inpenc@posthook=\toks21

Package inputenc Warning: inputenc package ignored with utf8 based engines.

) (c:/Users/KatieVH/AppData/Roaming/TinyTeX/texmf-dist/tex/latex/base/fontenc.sty
Package: fontenc 2024/12/21 v2.1c Standard LaTeX package
LaTeX Font Info:    Trying to load font information for T1+Carlito(0) on input line 116.
LaTeX Font Info:    No file T1Carlito(0).fd. on input line 116.
LaTeX Font Info:    Trying to load font information for T1+lmr on input line 116.
(c:/Users/KatieVH/AppData/Roaming/TinyTeX/texmf-dist/tex/latex/lm/t1lmr.fd
File: t1lmr.fd 2015/05/01 v1.6.1 Font defs for Latin Modern
)

LaTeX Font Warning: Font shape `T1/Carlito(0)/m/n' undefined
(Font)              using `T1/lmr/m/n' instead on input line 116.

) (c:/Users/KatieVH/AppData/Roaming/TinyTeX/texmf-dist/tex/latex/hyperref/hyperref.sty
Package: hyperref 2025-07-12 v7.01o Hypertext links for LaTeX
(c:/Users/KatieVH/AppData/Roaming/TinyTeX/texmf-dist/tex/latex/kvsetkeys/kvsetkeys.sty
Package: kvsetkeys 2022-10-05 v1.19 Key value parser (HO)
) (c:/Users/KatieVH/AppData/Roaming/TinyTeX/texmf-dist/tex/generic/kvdefinekeys/kvdefinekeys.sty
Package: kvdefinekeys 2019-12-19 v1.6 Define keys (HO)
) (c:/Users/KatieVH/AppData/Roaming/TinyTeX/texmf-dist/tex/generic/pdfescape/pdfescape.sty
Package: pdfescape 2019/12/09 v1.15 Implements pdfTeX's escape features (HO)
(c:/Users/KatieVH/AppData/Roaming/TinyTeX/texmf-dist/tex/generic/ltxcmds/ltxcmds.sty
Package: ltxcmds 2023-12-04 v1.26 LaTeX kernel commands for general use (HO)
) (c:/Users/KatieVH/AppData/Roaming/TinyTeX/texmf-dist/tex/generic/pdftexcmds/pdftexcmds.sty
Package: pdftexcmds 2020-06-27 v0.33 Utility functions of pdfTeX for LuaTeX (HO)
(c:/Users/KatieVH/AppData/Roaming/TinyTeX/texmf-dist/tex/generic/infwarerr/infwarerr.sty
Package: infwarerr 2019/12/03 v1.5 Providing info/warning/error messages (HO)
)
Package pdftexcmds Info: \pdf@primitive is available.
Package pdftexcmds Info: \pdf@ifprimitive is available.
Package pdftexcmds Info: \pdfdraftmode found.
\pdftexcmds@toks=\toks22
)) (c:/Users/KatieVH/AppData/Roaming/TinyTeX/texmf-dist/tex/latex/hycolor/hycolor.sty
Package: hycolor 2020-01-27 v1.10 Color options for hyperref/bookmark (HO)
) (c:/Users/KatieVH/AppData/Roaming/TinyTeX/texmf-dist/tex/latex/hyperref/nameref.sty
Package: nameref 2025-06-21 v2.57 Cross-referencing by name of section
(c:/Users/KatieVH/AppData/Roaming/TinyTeX/texmf-dist/tex/latex/refcount/refcount.sty
Package: refcount 2019/12/15 v3.6 Data extraction from label references (HO)
) (c:/Users/KatieVH/AppData/Roaming/TinyTeX/texmf-dist/tex/generic/gettitlestring/gettitlestring.sty
Package: gettitlestring 2019/12/15 v1.6 Cleanup title references (HO)
(c:/Users/KatieVH/AppData/Roaming/TinyTeX/texmf-dist/tex/latex/kvoptions/kvoptions.sty
Package: kvoptions 2022-06-15 v3.15 Key value format for package options (HO)
))
\c@section@level=\count294
) (c:/Users/KatieVH/AppData/Roaming/TinyTeX/texmf-dist/tex/latex/etoolbox/etoolbox.sty
Package: etoolbox 2025/10/02 v2.5m e-TeX tools for LaTeX (JAW)
\etb@tempcnta=\count295
) (c:/Users/KatieVH/AppData/Roaming/TinyTeX/texmf-dist/tex/generic/stringenc/stringenc.sty
Package: stringenc 2019/11/29 v1.12 Convert strings between diff. encodings (HO)
)
\@linkdim=\dimen151
\Hy@linkcounter=\count296
\Hy@pagecounter=\count297
(c:/Users/KatieVH/AppData/Roaming/TinyTeX/texmf-dist/tex/latex/hyperref/pd1enc.def
File: pd1enc.def 2025-07-12 v7.01o Hyperref: PDFDocEncoding definition (HO)
) (c:/Users/KatieVH/AppData/Roaming/TinyTeX/texmf-dist/tex/generic/intcalc/intcalc.sty
Package: intcalc 2019/12/15 v1.3 Expandable calculations with integers (HO)
)
\Hy@SavedSpaceFactor=\count298
(c:/Users/KatieVH/AppData/Roaming/TinyTeX/texmf-dist/tex/latex/hyperref/puenc.def
File: puenc.def 2025-07-12 v7.01o Hyperref: PDF Unicode definition (HO)
)
Package hyperref Info: Option `unicode' set `true' on input line 4066.
Package hyperref Info: Hyper figures OFF on input line 4195.
Package hyperref Info: Link nesting OFF on input line 4200.
Package hyperref Info: Hyper index ON on input line 4203.
Package hyperref Info: Plain pages OFF on input line 4210.
Package hyperref Info: Backreferencing OFF on input line 4215.
Package hyperref Info: Implicit mode ON; LaTeX internals redefined.
Package hyperref Info: Bookmarks ON on input line 4462.
\c@Hy@tempcnt=\count299
(c:/Users/KatieVH/AppData/Roaming/TinyTeX/texmf-dist/tex/latex/url/url.sty
\Urlmuskip=\muskip17
Package: url 2013/09/16  ver 3.4  Verb mode for urls, etc.
)
LaTeX Info: Redefining \url on input line 4801.
\XeTeXLinkMargin=\dimen152
(c:/Users/KatieVH/AppData/Roaming/TinyTeX/texmf-dist/tex/generic/bitset/bitset.sty
Package: bitset 2019/12/09 v1.3 Handle bit-vector datatype (HO)
(c:/Users/KatieVH/AppData/Roaming/TinyTeX/texmf-dist/tex/generic/bigintcalc/bigintcalc.sty
Package: bigintcalc 2019/12/15 v1.5 Expandable calculations on big integers (HO)
))
\Fld@menulength=\count300
\Field@Width=\dimen153
\Fld@charsize=\dimen154
Package hyperref Info: Hyper figures OFF on input line 6078.
Package hyperref Info: Link nesting OFF on input line 6083.
Package hyperref Info: Hyper index ON on input line 6086.
Package hyperref Info: backreferencing OFF on input line 6093.
Package hyperref Info: Link coloring OFF on input line 6098.
Package hyperref Info: Link coloring with OCG OFF on input line 6103.
Package hyperref Info: PDF/A mode OFF on input line 6108.
\Hy@abspage=\count301
\c@Item=\count302
\c@Hfootnote=\count303
)
Package hyperref Info: Driver (autodetected): hluatex.
(c:/Users/KatieVH/AppData/Roaming/TinyTeX/texmf-dist/tex/latex/hyperref/hluatex.def
File: hluatex.def 2025-07-12 v7.01o Hyperref driver for luaTeX
\Fld@listcount=\count304
\c@bookmark@seq@number=\count305
(c:/Users/KatieVH/AppData/Roaming/TinyTeX/texmf-dist/tex/latex/rerunfilecheck/rerunfilecheck.sty
Package: rerunfilecheck 2025-06-21 v1.11 Rerun checks for auxiliary files (HO)
(c:/Users/KatieVH/AppData/Roaming/TinyTeX/texmf-dist/tex/generic/uniquecounter/uniquecounter.sty
Package: uniquecounter 2019/12/15 v1.4 Provide unlimited unique counter (HO)
)
Package uniquecounter Info: New unique counter `rerunfilecheck' on input line 284.
)
\Hy@SectionHShift=\skip51
) (c:/Users/KatieVH/AppData/Roaming/TinyTeX/texmf-dist/tex/latex/geometry/geometry.sty
Package: geometry 2020/01/02 v5.9 Page Geometry
(c:/Users/KatieVH/AppData/Roaming/TinyTeX/texmf-dist/tex/generic/iftex/ifvtex.sty
Package: ifvtex 2019/10/25 v1.7 ifvtex legacy package. Use iftex instead.
)
\Gm@cnth=\count306
\Gm@cntv=\count307
\c@Gm@tempcnt=\count308
\Gm@bindingoffset=\dimen155
\Gm@wd@mp=\dimen156
\Gm@odd@mp=\dimen157
\Gm@even@mp=\dimen158
\Gm@layoutwidth=\dimen159
\Gm@layoutheight=\dimen160
\Gm@layouthoffset=\dimen161
\Gm@layoutvoffset=\dimen162
\Gm@dimlist=\toks23
) (c:/Users/KatieVH/AppData/Roaming/TinyTeX/texmf-dist/tex/latex/tools/longtable.sty
Package: longtable 2024-12-18 v4.23 Multi-page Table package (DPC)
\LTleft=\skip52
\LTright=\skip53
\LTpre=\skip54
\LTpost=\skip55
\LTchunksize=\count309
\LTcapwidth=\dimen163
\LT@head=\box53
\LT@firsthead=\box54
\LT@foot=\box55
\LT@lastfoot=\box56
\LT@gbox=\box57
\LT@cols=\count310
\LT@rows=\count311
\c@LT@tables=\count312
\c@LT@chunks=\count313
\LT@p@ftn=\toks24
) (c:/Users/KatieVH/AppData/Roaming/TinyTeX/texmf-dist/tex/latex/booktabs/booktabs.sty
Package: booktabs 2020/01/12 v1.61803398 Publication quality tables
\heavyrulewidth=\dimen164
\lightrulewidth=\dimen165
\cmidrulewidth=\dimen166
\belowrulesep=\dimen167
\belowbottomsep=\dimen168
\aboverulesep=\dimen169
\abovetopsep=\dimen170
\cmidrulesep=\dimen171
\cmidrulekern=\dimen172
\defaultaddspace=\dimen173
\@cmidla=\count314
\@cmidlb=\count315
\@aboverulesep=\dimen174
\@belowrulesep=\dimen175
\@thisruleclass=\count316
\@lastruleclass=\count317
\@thisrulewidth=\dimen176
) (c:/Users/KatieVH/AppData/Roaming/TinyTeX/texmf-dist/tex/latex/mdwtools/footnote.sty
Package: footnote 1997/01/28 1.13 Save footnotes around boxes
\fn@notes=\box58
\fn@width=\dimen177
) (c:/Users/KatieVH/AppData/Roaming/TinyTeX/texmf-dist/tex/latex/paralist/paralist.sty
Package: paralist 2017/01/22 v2.7 Extended list environments
\pltopsep=\skip56
\plpartopsep=\skip57
\plitemsep=\skip58
\plparsep=\skip59
\pl@lab=\toks25
) (c:/Users/KatieVH/AppData/Roaming/TinyTeX/texmf-dist/tex/latex/ragged2e/ragged2e.sty
Package: ragged2e 2023/06/22 v3.6 ragged2e Package
\CenteringLeftskip=\skip60
\RaggedLeftLeftskip=\skip61
\RaggedRightLeftskip=\skip62
\CenteringRightskip=\skip63
\RaggedLeftRightskip=\skip64
\RaggedRightRightskip=\skip65
\CenteringParfillskip=\skip66
\RaggedLeftParfillskip=\skip67
\RaggedRightParfillskip=\skip68
\JustifyingParfillskip=\skip69
\CenteringParindent=\skip70
\RaggedLeftParindent=\skip71
\RaggedRightParindent=\skip72
\JustifyingParindent=\skip73
) (c:/Users/KatieVH/AppData/Roaming/TinyTeX/texmf-dist/tex/latex/datetime/datetime.sty
Package: datetime 2015/03/20 v2.60 Date Time Package
(c:/Users/KatieVH/AppData/Roaming/TinyTeX/texmf-dist/tex/latex/fmtcount/fmtcount.sty
Package: fmtcount 2025/08/23 v3.11 Displaying the values of LaTeX counters (NT,VB,NE)
(c:/Users/KatieVH/AppData/Roaming/TinyTeX/texmf-dist/tex/latex/base/ifthen.sty
Package: ifthen 2024/03/16 v1.1e Standard LaTeX ifthen package (DPC)
) (c:/Users/KatieVH/AppData/Roaming/TinyTeX/texmf-dist/tex/latex/fmtcount/fcprefix.sty
Package: fcprefix 2012/09/28
(c:/Users/KatieVH/AppData/Roaming/TinyTeX/texmf-dist/tex/latex/fmtcount/fcnumparser.sty
Package: fcnumparser 2017/06/15
\fc@digit@counter=\count318
)) (c:/Users/KatieVH/AppData/Roaming/TinyTeX/texmf-dist/tex/latex/amsmath/amsgen.sty
File: amsgen.sty 1999/11/30 v2.0 generic functions
\@emptytoks=\toks26
\ex@=\dimen178
)
\c@padzeroesN=\count319
\fc@tmpcatcode=\count320
\@DT@modctr=\count321
\@ordinalctr=\count322
\@orgargctr=\count323
\@strctr=\count324
\@tmpstrctr=\count325
\@DT@loopN=\count326
\@DT@X=\count327
) (c:/Users/KatieVH/AppData/Roaming/TinyTeX/texmf-dist/tex/latex/datetime/datetime-defaults.sty
Package: datetime-defaults 2013/09/10
)
\@day=\count328
\@month=\count329
\@year=\count330
\c@HOUR=\count331
\c@HOURXII=\count332
\c@MINUTE=\count333
\c@TOHOUR=\count334
\c@TOMINUTE=\count335
\c@SECOND=\count336
\currenthour=\count337
\currentminute=\count338
\currentsecond=\count339
Package datetime Info: No datetime.cfg file found, using default settings on input line 308.
\@dtctr=\count340
\dayofyear=\count341
\dayofweek=\count342
LaTeX Info: Redefining \today on input line 736.
\dt@a=\toks27
\dt@b=\toks28
) (c:/Users/KatieVH/AppData/Roaming/TinyTeX/texmf-dist/tex/latex/fancyhdr/fancyhdr.sty
Package: fancyhdr 2025/02/07 v5.2 Extensive control of page headers and footers
\f@nch@headwidth=\skip74
\f@nch@offset@elh=\skip75
\f@nch@offset@erh=\skip76
\f@nch@offset@olh=\skip77
\f@nch@offset@orh=\skip78
\f@nch@offset@elf=\skip79
\f@nch@offset@erf=\skip80
\f@nch@offset@olf=\skip81
\f@nch@offset@orf=\skip82
\f@nch@height=\skip83
\f@nch@footalignment=\skip84
\f@nch@widthL=\skip85
\f@nch@widthC=\skip86
\f@nch@widthR=\skip87
\@temptokenb=\toks29
) (c:/Users/KatieVH/AppData/Roaming/TinyTeX/texmf-dist/tex/latex/enumitem/enumitem.sty
Package: enumitem 2025/02/06 v3.11 Customized lists
\labelindent=\skip88
\enit@outerparindent=\dimen179
\enit@toks=\toks30
\enit@inbox=\box59
\enit@count@id=\count343
\enitdp@description=\count344
) (c:/Users/KatieVH/AppData/Roaming/TinyTeX/texmf-dist/tex/latex/psnfss/pifont.sty
Package: pifont 2020/03/25 PSNFSS-v9.3 Pi font support (SPQR) 
LaTeX Font Info:    Trying to load font information for U+pzd on input line 63.
(c:/Users/KatieVH/AppData/Roaming/TinyTeX/texmf-dist/tex/latex/psnfss/upzd.fd
File: upzd.fd 2001/06/04 font definitions for U/pzd.
)
LaTeX Font Info:    Trying to load font information for U+psy on input line 64.
(c:/Users/KatieVH/AppData/Roaming/TinyTeX/texmf-dist/tex/latex/psnfss/upsy.fd
File: upsy.fd 2001/06/04 font definitions for U/psy.
)) (c:/Users/KatieVH/AppData/Roaming/TinyTeX/texmf-dist/tex/latex/titlesec/titlesec.sty
Package: titlesec 2025/01/04 v2.17 Sectioning titles
\ttl@box=\box60
\beforetitleunit=\skip89
\aftertitleunit=\skip90
\ttl@plus=\dimen180
\ttl@minus=\dimen181
\ttl@toksa=\toks31
\titlewidth=\dimen182
\titlewidthlast=\dimen183
\titlewidthfirst=\dimen184
) (c:/Users/KatieVH/AppData/Roaming/TinyTeX/texmf-dist/tex/latex/tools/tabularx.sty
Package: tabularx 2023/12/11 v2.12a `tabularx' package (DPC)
(c:/Users/KatieVH/AppData/Roaming/TinyTeX/texmf-dist/tex/latex/tools/array.sty
Package: array 2025/06/08 v2.6j Tabular extension package (FMi)
\col@sep=\dimen185
\ar@mcellbox=\box61
\extrarowheight=\dimen186
\NC@list=\toks32
\extratabsurround=\skip91
\backup@length=\skip92
\ar@cellbox=\box62
)
\TX@col@width=\dimen187
\TX@old@table=\dimen188
\TX@old@col=\dimen189
\TX@target=\dimen190
\TX@delta=\dimen191
\TX@cols=\count345
\TX@ftn=\toks33
) (c:/Users/KatieVH/AppData/Roaming/TinyTeX/texmf-dist/tex/latex/tools/calc.sty
Package: calc 2025/03/01 v4.3b Infix arithmetic (KKT,FJ)
\calc@Acount=\count346
\calc@Bcount=\count347
\calc@Adimen=\dimen192
\calc@Bdimen=\dimen193
\calc@Askip=\skip93
\calc@Bskip=\skip94
LaTeX Info: Redefining \setlength on input line 86.
LaTeX Info: Redefining \addtolength on input line 87.
\calc@Ccount=\count348
\calc@Cskip=\skip95
)
\headerboxwidth=\skip96
(c:/Users/KatieVH/AppData/Roaming/TinyTeX/texmf-dist/tex/latex/fontawesome5/fontawesome5.sty
Package: fontawesome5 2022/05/02 v5.15.4 Font Awesome 5
(c:/Users/KatieVH/AppData/Roaming/TinyTeX/texmf-dist/tex/latex/l3packages/l3keys2e/l3keys2e.sty
Package: l3keys2e 2024-08-16 LaTeX2e option processing using LaTeX3 keys
) (c:/Users/KatieVH/AppData/Roaming/TinyTeX/texmf-dist/tex/latex/fontawesome5/fontawesome5-utex-helper.sty
Package: fontawesome5-utex-helper 2022/05/02 v5.15.4 uTeX helper for fontawesome5
(c:/Users/KatieVH/AppData/Roaming/TinyTeX/texmf-dist/tex/luatex/luatexbase/luatexbase.sty
Package: luatexbase 2015/10/04 v1.3 luatexbase interface to LuaTeX 
(c:/Users/KatieVH/AppData/Roaming/TinyTeX/texmf-dist/tex/luatex/ctablestack/ctablestack.sty
Package: ctablestack 2015/10/01 v1.0 Catcode table stable support
\@catcodetablestackcnt=\count349
)
\CatcodeTableOther=\catcodetable14
\CatcodeTableExpl=\catcodetable15
)
LaTeX Font Info:    Trying to load font information for TU+fontawesomefree on input line 69.
(c:/Users/KatieVH/AppData/Roaming/TinyTeX/texmf-dist/tex/latex/fontawesome5/tufontawesomefree.fd)
LaTeX Font Info:    Trying to load font information for TU+fontawesomebrands on input line 70.
(c:/Users/KatieVH/AppData/Roaming/TinyTeX/texmf-dist/tex/latex/fontawesome5/tufontawesomebrands.fd)))
\cslhangindent=\skip97
\csllabelwidth=\skip98
(./K_Von_Holzen_CV.aux

LaTeX Warning: Label `ref-AdultIDSADS' multiply defined.


LaTeX Warning: Label `ref-ROFFS' multiply defined.


LaTeX Warning: Label `ref-IniSegPhonotactics' multiply defined.


LaTeX Warning: Label `ref-CVaccent' multiply defined.


LaTeX Warning: Label `ref-IniSegLexTransparency' multiply defined.

)
\openout1 = K_Von_Holzen_CV.aux

LaTeX Font Info:    Checking defaults for OML/cmm/m/it on input line 202.
LaTeX Font Info:    ... okay on input line 202.
LaTeX Font Info:    Checking defaults for OMS/cmsy/m/n on input line 202.
LaTeX Font Info:    ... okay on input line 202.
LaTeX Font Info:    Checking defaults for OT1/cmr/m/n on input line 202.
LaTeX Font Info:    ... okay on input line 202.
LaTeX Font Info:    Checking defaults for T1/cmr/m/n on input line 202.
LaTeX Font Info:    ... okay on input line 202.
LaTeX Font Info:    Checking defaults for TS1/cmr/m/n on input line 202.
LaTeX Font Info:    ... okay on input line 202.
LaTeX Font Info:    Checking defaults for TU/lmr/m/n on input line 202.
LaTeX Font Info:    ... okay on input line 202.
LaTeX Font Info:    Checking defaults for OMX/cmex/m/n on input line 202.
LaTeX Font Info:    ... okay on input line 202.
LaTeX Font Info:    Checking defaults for U/cmr/m/n on input line 202.
LaTeX Font Info:    ... okay on input line 202.
LaTeX Font Info:    Checking defaults for PD1/pdf/m/n on input line 202.
LaTeX Font Info:    ... okay on input line 202.
LaTeX Font Info:    Checking defaults for PU/pdf/m/n on input line 202.
LaTeX Font Info:    ... okay on input line 202.

Package fontspec Info: 
(fontspec)             Adjusting the maths setup (use [no-math] to avoid
(fontspec)             this).

\symlegacymaths=\mathgroup4
LaTeX Font Info:    Overwriting symbol font `legacymaths' in version `bold'
(Font)                  OT1/cmr/m/n --> OT1/cmr/bx/n on input line 202.
LaTeX Font Info:    Redeclaring math accent \acute on input line 202.
LaTeX Font Info:    Redeclaring math accent \grave on input line 202.
LaTeX Font Info:    Redeclaring math accent \ddot on input line 202.
LaTeX Font Info:    Redeclaring math accent \tilde on input line 202.
LaTeX Font Info:    Redeclaring math accent \bar on input line 202.
LaTeX Font Info:    Redeclaring math accent \breve on input line 202.
LaTeX Font Info:    Redeclaring math accent \check on input line 202.
LaTeX Font Info:    Redeclaring math accent \hat on input line 202.
LaTeX Font Info:    Redeclaring math accent \dot on input line 202.
LaTeX Font Info:    Redeclaring math accent \mathring on input line 202.
LaTeX Font Info:    Redeclaring math symbol \colon on input line 202.
LaTeX Font Info:    Redeclaring math symbol \Gamma on input line 202.
LaTeX Font Info:    Redeclaring math symbol \Delta on input line 202.
LaTeX Font Info:    Redeclaring math symbol \Theta on input line 202.
LaTeX Font Info:    Redeclaring math symbol \Lambda on input line 202.
LaTeX Font Info:    Redeclaring math symbol \Xi on input line 202.
LaTeX Font Info:    Redeclaring math symbol \Pi on input line 202.
LaTeX Font Info:    Redeclaring math symbol \Sigma on input line 202.
LaTeX Font Info:    Redeclaring math symbol \Upsilon on input line 202.
LaTeX Font Info:    Redeclaring math symbol \Phi on input line 202.
LaTeX Font Info:    Redeclaring math symbol \Psi on input line 202.
LaTeX Font Info:    Redeclaring math symbol \Omega on input line 202.
LaTeX Font Info:    Redeclaring math symbol \mathdollar on input line 202.
LaTeX Font Info:    Redeclaring symbol font `operators' on input line 202.
LaTeX Font Info:    Encoding `OT1' has changed to `TU' for symbol font
(Font)              `operators' in the math version `normal' on input line 202.
LaTeX Font Info:    Overwriting symbol font `operators' in version `normal'
(Font)                  OT1/cmr/m/n --> TU/lmr/m/n on input line 202.
LaTeX Font Info:    Encoding `OT1' has changed to `TU' for symbol font
(Font)              `operators' in the math version `bold' on input line 202.
LaTeX Font Info:    Overwriting symbol font `operators' in version `bold'
(Font)                  OT1/cmr/bx/n --> TU/lmr/m/n on input line 202.
LaTeX Font Info:    Overwriting symbol font `operators' in version `normal'
(Font)                  TU/lmr/m/n --> TU/lmr/m/n on input line 202.
LaTeX Font Info:    Overwriting math alphabet `\mathit' in version `normal'
(Font)                  OT1/cmr/m/it --> TU/lmr/m/it on input line 202.
LaTeX Font Info:    Overwriting math alphabet `\mathbf' in version `normal'
(Font)                  OT1/cmr/bx/n --> TU/lmr/b/n on input line 202.
LaTeX Font Info:    Overwriting math alphabet `\mathsf' in version `normal'
(Font)                  OT1/cmss/m/n --> TU/Carlito(0)/m/n on input line 202.
LaTeX Font Info:    Overwriting math alphabet `\mathtt' in version `normal'
(Font)                  OT1/cmtt/m/n --> TU/lmtt/m/n on input line 202.
LaTeX Font Info:    Overwriting symbol font `operators' in version `bold'
(Font)                  TU/lmr/m/n --> TU/lmr/b/n on input line 202.
LaTeX Font Info:    Overwriting math alphabet `\mathit' in version `bold'
(Font)                  OT1/cmr/bx/it --> TU/lmr/b/it on input line 202.
LaTeX Font Info:    Overwriting math alphabet `\mathsf' in version `bold'
(Font)                  OT1/cmss/bx/n --> TU/Carlito(0)/b/n on input line 202.
LaTeX Font Info:    Overwriting math alphabet `\mathtt' in version `bold'
(Font)                  OT1/cmtt/m/n --> TU/lmtt/b/n on input line 202.
Package hyperref Info: Link coloring OFF on input line 202.
(./K_Von_Holzen_CV.out) (./K_Von_Holzen_CV.out)
\@outlinefile=\write3

\openout3 = K_Von_Holzen_CV.out
*geometry* driver: auto-detecting
*geometry* detected driver: luatex
*geometry* verbose mode - [ preamble ] result:
* driver: luatex
* paper: a4paper
* layout: <same size as paper>
* layoutoffset:(h,v)=(0.0pt,0.0pt)
* modes: 
* h-part:(L,W,R)=(49.79231pt, 497.92325pt, 49.79231pt)
* v-part:(T,H,B)=(62.59596pt, 725.54538pt, 56.9055pt)
* \paperwidth=597.50787pt
* \paperheight=845.04684pt
* \textwidth=497.92325pt
* \textheight=725.54538pt
* \oddsidemargin=-22.47768pt
* \evensidemargin=-22.47768pt
* \topmargin=-46.67403pt
* \headheight=15.0pt
* \headsep=25.0pt
* \topskip=10.0pt
* \footskip=30.0pt
* \marginparwidth=57.0pt
* \marginparsep=11.0pt
* \columnsep=10.0pt
* \skip\footins=9.0pt plus 4.0pt minus 2.0pt
* \hoffset=0.0pt
* \voffset=0.0pt
* \mag=1000
* \@twocolumnfalse
* \@twosidefalse
* \@mparswitchfalse
* \@reversemarginfalse
* (1in=72.27pt=25.4mm, 1cm=28.453pt)

(c:/Users/KatieVH/AppData/Roaming/TinyTeX/texmf-dist/tex/latex/fmtcount/fc-english.def
File: fc-english.def 2016/01/12
)
LaTeX Font Info:    Font shape `TU/Carlito(0)/m/n' will be
(Font)              scaled to size 10.0pt on input line 203.
LaTeX Font Info:    External font `cmex10' loaded for size
(Font)              <7> on input line 203.
LaTeX Font Info:    External font `cmex10' loaded for size
(Font)              <5> on input line 203.
LaTeX Font Info:    Font shape `TU/Carlito(0)/m/n' will be
(Font)              scaled to size 17.28pt on input line 203.
LaTeX Font Info:    Font shape `TU/Carlito(0)/b/n' will be
(Font)              scaled to size 17.28pt on input line 203.
LaTeX Font Info:    Font shape `TU/Carlito(0)/m/n' will be
(Font)              scaled to size 12.0pt on input line 203.
LaTeX Font Info:    Font shape `TU/Carlito(0)/b/n' will be
(Font)              scaled to size 10.0pt on input line 203.
LaTeX Font Info:    Font shape `TU/Carlito(0)/m/n' will be
(Font)              scaled to size 9.0pt on input line 203.
LaTeX Font Info:    External font `cmex10' loaded for size
(Font)              <9> on input line 203.
LaTeX Font Info:    External font `cmex10' loaded for size
(Font)              <6> on input line 203.

Overfull \hbox (6.79999pt too wide) in paragraph at lines 203--204
[][][][] 
 []

LaTeX Font Info:    Font shape `TU/Carlito(0)/b/n' will be
(Font)              scaled to size 12.0pt on input line 206.

LaTeX Font Warning: Font shape `T1/Carlito(0)/b/n' undefined
(Font)              using `T1/Carlito(0)/m/n' instead on input line 213.


Overfull \hbox (15.50665pt too wide) in alignment at lines 208--224
[] []
 []


Underfull \hbox (badness 10000) in paragraph at lines 283--283
\T1/Carlito(0)/b/n/10 Event-Related Po-ten-tials (ERPs); Eye-track-ing (gaze); Time-course anal-y-ses; Lon-gi-tu-di-nal stud-
 []


Overfull \hbox (30.25684pt too wide) in alignment at lines 263--289
[] []
 []


Package hyperref Warning: The anchor of a bookmark and its parent's must not
(hyperref)                be the same. Added a new anchor on input line 294.


LaTeX Font Warning: Font shape `T1/Carlito(0)/m/it' undefined
(Font)              using `T1/Carlito(0)/m/n' instead on input line 302.


Underfull \hbox (badness 10000) in paragraph at lines 302--302
[]|\T1/Carlito(0)/b/n/10 Von Holzen, K., & New-man, R. (2025). Ab ini-tio word recog-ni-tion in infant- and adult-directed speech.
 []


Underfull \hbox (badness 10000) in paragraph at lines 309--309
[]|\T1/Carlito(0)/m/it/10 Von Holzen, K., & New-man, R. (2025). Chil-dren's for-eign word recog-ni-tion at first ex-po-sure: The role of
 []


Underfull \hbox (badness 10000) in paragraph at lines 316--316
[]|\T1/Carlito(0)/m/it/10 Von Holzen, K., Wulfert, S., Schnieders, M., & Hopp, H. (2025). Speech seg-men-ta-tion in pre-foreign lan-
 []


Underfull \hbox (badness 10000) in paragraph at lines 316--316
\T1/Carlito(0)/m/it/10 guage learn-ers: An in-ves-ti-ga-tion of meta-linguistic and lin-guis-tic knowl-edge. Sec-ond Lan-guage Re-search.
 []


Underfull \hbox (badness 10000) in paragraph at lines 324--324
[]|\T1/Carlito(0)/m/it/10 Von Holzen, K., van Om-men, S., White, K., & Nazzi, T. (2023). The im-pact of phono-log-i-cal bi-ases on
 []


Underfull \hbox (badness 10000) in paragraph at lines 324--324
\T1/Carlito(0)/m/it/10 mis-pro-nun-ci-a-tion sen-si-tiv-ity and novel ac-cent adap-ta-tion. Lan-guage Learn-ing and De-vel-op-ment, 19(3),
 []


Underfull \hbox (badness 10000) in paragraph at lines 331--331
[]|\T1/Carlito(0)/m/it/10 Von Holzen, K., & Bergmann, C. (2021). The de-vel-op-ment of in-fants' re-sponses to mis-pro-nun-ci-a-tions: A
 []


Underfull \hbox (badness 10000) in paragraph at lines 339--339
[]|\T1/Carlito(0)/m/it/10 New-man, R. S., Kirby, L. A., Von Holzen, K., & Red-cay, E. (2021). Read my lips ! Per-cep-tion of speech
 []


Underfull \hbox (badness 10000) in paragraph at lines 339--339
\T1/Carlito(0)/m/it/10 in noise by preschool chil-dren with autism and the im-pact of watch-ing the speaker' s face. Jour-nal of
 []


Underfull \hbox (badness 10000) in paragraph at lines 346--346
[]|\T1/Carlito(0)/m/it/10 Raneri, D., Von Holzen, K., New-man, R., & Rat-ner, N. B. (2020). Change in ma-ter-nal speech rate to pre-
 []


Underfull \hbox (badness 10000) in paragraph at lines 346--346
\T1/Carlito(0)/m/it/10 ver-bal in-fants over the first two years of life. Jour-nal of Child Lan-guage, 1--13. []$https://doi.org/10.1017/
 []



[1

{c:/Users/KatieVH/AppData/Roaming/TinyTeX/texmf-var/fonts/map/pdftex/updmap/pdftex.map}]
Underfull \hbox (badness 10000) in paragraph at lines 353--353
[]|\T1/Carlito(0)/m/it/10 Von Holzen, K., & Nazzi, T. (2020). Emer-gence of a con-so-nant bias dur-ing the first year of life: New
 []


Underfull \hbox (badness 10000) in paragraph at lines 361--361
[]|\T1/Carlito(0)/m/it/10 Many-Ba-bi-esCon-sor-tium. (2020). Quan-ti-fy-ing sources of vari-abil-ity in in-fancy re-search us-ing the infant-
 []


Underfull \hbox (badness 10000) in paragraph at lines 361--361
\T1/Carlito(0)/m/it/10 directed speech pref-er-ence. Ad-vances in Meth-ods and Prac-tices in Psy-cho-log-i-cal Sci-ence, 3(1), 24--52.
 []


Underfull \hbox (badness 10000) in paragraph at lines 369--369
[]|\T1/Carlito(0)/m/it/10 O'Fal-lon, M., Von Holzen, K., & New-man, R. S. (2020). Preschool-ers' word-learning dur-ing sto-ry-book
 []


Underfull \hbox (badness 10000) in paragraph at lines 369--369
\T1/Carlito(0)/m/it/10 read-ing in-ter-ac-tions: Com-par-ing re-peated and elab-o-rated in-put. Jour-nal of Speech Lan-guage and Hear-ing
 []


Underfull \hbox (badness 10000) in paragraph at lines 377--377
[]|\T1/Carlito(0)/m/it/10 Bobb, S. C., Von Holzen, K., Mayor, J., Mani, N., & Car-reiras, M. (2020). Co-activation of the L2 dur-
 []


Underfull \hbox (badness 10000) in paragraph at lines 377--377
\T1/Carlito(0)/m/it/10 ing L1 au-di-tory pro-cess-ing : An ERP cross-modal prim-ing study. Brain and Lan-guage, 203, 104739.
 []


Underfull \hbox (badness 10000) in paragraph at lines 384--384
[]|\T1/Carlito(0)/m/it/10 Von Holzen, K., Fen-nell, C. T., & Mani, N. (2019). The im-pact of cross-language phono-log-i-cal over-
 []


Underfull \hbox (badness 10000) in paragraph at lines 384--384
\T1/Carlito(0)/m/it/10 lap on bilin-gual and mono-lin-gual tod-dlers' word recog-ni-tion. Bilin-gual-ism: Lan-guage and Cog-ni-tion.
 []


Underfull \hbox (badness 10000) in paragraph at lines 391--391
[]|\T1/Carlito(0)/m/it/10 Von Holzen, K., Nishibayashi, L.-L., & Nazzi, T. (2018). Con-so-nant and vowel pro-cess-ing in word form
 []


Underfull \hbox (badness 10000) in paragraph at lines 398--398
[]|\T1/Carlito(0)/m/it/10 Nazzi, T., Poltrock, S., & Von Holzen, K. (2016). The de-vel-op-men-tal ori-gins of the con-so-nant bias in
 []


Underfull \hbox (badness 10000) in paragraph at lines 398--398
\T1/Carlito(0)/m/it/10 lex-i-cal pro-cess-ing. Cur-rent Di-rec-tions in Psy-cho-log-i-cal Sci-ence, 25(4), 291--296. []$https://doi.org/10.1177/
 []


Underfull \hbox (badness 10000) in paragraph at lines 405--405
[]|\T1/Carlito(0)/m/it/10 Von Holzen, K., & Mani, N. (2014). Bilin-guals im-plic-itly name ob-jects in both their lan-guages: An ERP
 []


Underfull \hbox (badness 10000) in paragraph at lines 412--412
[]|\T1/Carlito(0)/m/it/10 Von Holzen, K., & Mani, N. (2012). Lan-guage non-s-e-lec-tive lex-i-cal ac-cess in bilin-gual tod-dlers. Jour-nal of
 []


Underfull \hbox (badness 10000) in paragraph at lines 426--426
[]|\T1/Carlito(0)/m/it/10 Kosie, J., Zetter-sten, M., & The Many-Ba-bies5 Team. (n.d.). Many-Ba-bies5: A large-scale in-ves-ti-ga-tion of
 []


Underfull \hbox (badness 10000) in paragraph at lines 426--426
\T1/Carlito(0)/m/it/10 the pro-posed shift from fa-mil-iar-ity pref-er-ence to nov-elty pref-er-ence in in-fant look-ing time. Na-ture Hu-man
 []


Underfull \hbox (badness 10000) in paragraph at lines 440--440
[]|\T1/Carlito(0)/m/it/10 Von Holzen, K., Schnieders, M., Wulfert, S., & Hopp, H. (n.d.). The role of lex-i-cal over-lap and cog-nate
 []


Underfull \hbox (badness 10000) in paragraph at lines 440--440
\T1/Carlito(0)/m/it/10 fa-cil-i-ta-tion in ini-tial child for-eign lan-guage speech seg-men-ta-tion. []$https://osf.io/dsg57/?view_only=
 []


Underfull \hbox (badness 10000) in paragraph at lines 446--446
[]|\T1/Carlito(0)/m/it/10 Flohr, M.-C., Schimke, S., & Von Holzen, K. (n.d.). The use of tran-si-tional prob-a-bil-i-ties in nat-u-ral lan-
 []

Missing character: There is no č (U+010D) in font ec-lmr10!
Missing character: There is no ć (U+0107) in font ec-lmr10!
Missing character: There is no č (U+010D) in font ec-lmr10!
Missing character: There is no ć (U+0107) in font ec-lmr10!
Missing character: There is no č (U+010D) in font ec-lmr10!
Missing character: There is no ć (U+0107) in font ec-lmr10!
Missing character: There is no č (U+010D) in font ec-lmr10!
Missing character: There is no ć (U+0107) in font ec-lmr10!

Underfull \hbox (badness 10000) in paragraph at lines 460--460
[]|\T1/Carlito(0)/m/it/10 der Ned-er-lan-den, S., Lovče-vić, I., Von Holzen, K., & Tsuji, S. (n.d.). Test-ing in-fants' word com-pre-
 []


Underfull \hbox (badness 10000) in paragraph at lines 460--460
\T1/Carlito(0)/m/it/10 hen-sion on-line us-ing a Looking-While-Listening pro-ce-dure: Age and car-rier phrase mat-ter. []$https:
 []


Underfull \hbox (badness 10000) in paragraph at lines 466--466
[]|\T1/Carlito(0)/m/it/10 Von Holzen, K. (n.d.). The role of speech reg-is-ter in for-eign word learn-ing. []$https://osf.io/5g2bz/?view_
 []


Underfull \hbox (badness 10000) in paragraph at lines 473--473
[]|\T1/Carlito(0)/m/it/10 Frey-wald, U., Von Holzen, K., & Schimke, S. (n.d.). The role of pro-cess-ing con-straints in dou-ble com-
 []


Underfull \hbox (badness 10000) in paragraph at lines 473--473
\T1/Carlito(0)/m/it/10 ple-men-tiser struc-tures in ger-man: Ev-i-dence from spon-ta-neous pro-duc-tion, ac-cept-abil-ity judge-ments and
 []


Underfull \hbox (badness 10000) in paragraph at lines 486--486
[]|\T1/Carlito(0)/m/it/10 New-man, R., & Von Holzen, K. (2023). Com-mu-ni-ca-tion De-vel-op-ment in In-fancy. In J. Berko Glea-son &
 []


Underfull \hbox (badness 10000) in paragraph at lines 494--494
[]|\T1/Carlito(0)/m/it/10 Bobb, S. C., Drum-mond Nauck, L. Y., Altvater-Mackensen, N., Von Holzen, K., & Mani, N. (2016). Lis-
 []


Underfull \hbox (badness 10000) in paragraph at lines 494--494
\T1/Carlito(0)/m/it/10 ten-ing with your co-hort: Do bilin-gual tod-dlers co-activate co-horts from both lan-guages when hear-ing
 []


Underfull \hbox (badness 10000) in paragraph at lines 494--494
\T1/Carlito(0)/m/it/10 words in one lan-guage alone? In Cog-ni-tive con-trol and con-se-quences of mul-ti-lin-gual-ism (pp. 47--69). John
 []


Underfull \hbox (badness 10000) in paragraph at lines 509--509
[]|\T1/Carlito(0)/m/it/10 Von Holzen, K., & Bergmann, C. (2018). A meta-analysis of in-fants' mis-pro-nun-ci-a-tion sen-si-tiv-ity de-
 []


Underfull \hbox (badness 10000) in paragraph at lines 509--509
\T1/Carlito(0)/m/it/10 vel-op-ment. In T. T. Rogers, M. Rau, X. Zhu, & C. W. Kalish (Eds.), Pro-ceed-ings of the 40th an-nual
 []



[2
Missing character: There is no č (U+010D) in font ec-lmr10!
Missing character: There is no ć (U+0107) in font ec-lmr10!
]
warning  (pdf backend): ignoring duplicate destination with the name 'cite.ref-AdultIDSADS'

Underfull \hbox (badness 10000) in paragraph at lines 524--524
[]|\T1/Carlito(0)/m/it/10 Von Holzen, K., & New-man, R. (2025). Ab ini-tio word recog-ni-tion in infant- and adult-directed speech.
 []


warning  (pdf backend): ignoring duplicate destination with the name 'cite.ref-ROFFS'

Underfull \hbox (badness 10000) in paragraph at lines 531--531
[]|\T1/Carlito(0)/m/it/10 Von Holzen, K., & New-man, R. (2025). Chil-dren's for-eign word recog-ni-tion at first ex-po-sure: The role of
 []


warning  (pdf backend): ignoring duplicate destination with the name 'cite.ref-IniSegPhonotactics'

Underfull \hbox (badness 10000) in paragraph at lines 538--538
[]|\T1/Carlito(0)/m/it/10 Von Holzen, K., Wulfert, S., Schnieders, M., & Hopp, H. (2025). Speech seg-men-ta-tion in pre-foreign lan-
 []


Underfull \hbox (badness 10000) in paragraph at lines 538--538
\T1/Carlito(0)/m/it/10 guage learn-ers: An in-ves-ti-ga-tion of meta-linguistic and lin-guis-tic knowl-edge. Sec-ond Lan-guage Re-search.
 []


warning  (pdf backend): ignoring duplicate destination with the name 'cite.ref-CVaccent'

Underfull \hbox (badness 10000) in paragraph at lines 546--546
[]|\T1/Carlito(0)/m/it/10 Von Holzen, K., van Om-men, S., White, K., & Nazzi, T. (2023). The im-pact of phono-log-i-cal bi-ases on
 []


Underfull \hbox (badness 10000) in paragraph at lines 546--546
\T1/Carlito(0)/m/it/10 mis-pro-nun-ci-a-tion sen-si-tiv-ity and novel ac-cent adap-ta-tion. Lan-guage Learn-ing and De-vel-op-ment, 19(3),
 []


warning  (pdf backend): ignoring duplicate destination with the name 'cite.ref-IniSegLexTransparency'

Underfull \hbox (badness 10000) in paragraph at lines 553--553
[]|\T1/Carlito(0)/m/it/10 Von Holzen, K., Schnieders, M., Wulfert, S., & Hopp, H. (n.d.). The role of lex-i-cal over-lap and cog-nate
 []


Underfull \hbox (badness 10000) in paragraph at lines 553--553
\T1/Carlito(0)/m/it/10 fa-cil-i-ta-tion in ini-tial child for-eign lan-guage speech seg-men-ta-tion. []$https://osf.io/dsg57/?view_only=
 []


Underfull \hbox (badness 10000) in paragraph at lines 559--559
[]|\T1/Carlito(0)/m/it/10 Von Holzen, K., & Bergmann, C. (2021). In-fant Mis-pro-nun-ci-a-tion Sen-si-tiv-ity Meta-Analysis (In-Mis-Sens).
 []


Underfull \hbox (badness 10000) in paragraph at lines 572--572
[]|\T1/Carlito(0)/m/it/10 Von Holzen, K. (2013). The ini-tial and long-lasting ef-fects of early bilin-gual lan-guage ac-qui-si-tion on
 []


Underfull \hbox (badness 10000) in paragraph at lines 572--572
\T1/Carlito(0)/m/it/10 lex-i-cal ac-cess: Ev-i-dence from ERP and eye-tracking stud-ies [Un-pub-lished doc-toral dis-ser-ta-tion]. Georg-
 []


Underfull \hbox (badness 10000) in paragraph at lines 587--587
[]\T1/Carlito(0)/m/it/10 From Ini-tial Learn-ing to Sec-ondary School-ing: Lon-gi-tu-di-nal Stud-ies on the De-vel-op-ment of the
 []


Underfull \hbox (badness 10000) in paragraph at lines 614--614
[]\T1/Carlito(0)/m/it/10 The re-la-tion-ship be-tween speech reg-is-ter and learner out-comes in for-eign lan-guage class-rooms
 []


Underfull \hbox (badness 10000) in paragraph at lines 623--623
\T1/Carlito(0)/m/it/10 Min-istry of Ed-u-ca-tion and the Na-tional Re-search Foun-da-tion of Ko-rea (NRF) - HK 3.0 Pro-
 []


Underfull \hbox (badness 10000) in paragraph at lines 641--641
\T1/Carlito(0)/m/it/10 Com-par-a-tive and Evo-lu-tion-ary Bi-ol-ogy of Hear-ing, NIH Post-doc Train-ing Grant,
 []

[3]
Underfull \hbox (badness 10000) in paragraph at lines 669--669
\T1/Carlito(0)/m/it/10 For im-prov-ing psy-cho-log-i-cal sci-ence in the face of chal-lenge, as con-trib-u-tor to the Many-Ba-bies1
 []


Underfull \hbox (badness 10000) in paragraph at lines 674--674
[]\T1/Carlito(0)/m/it/10 Berke-ley Ini-tia-tive for Trans-parency in the So-cial Sci-ences (BITSS) Meta-Analysis Chal-lenge
 []


Underfull \hbox (badness 10000) in paragraph at lines 679--679
\T1/Carlito(0)/m/it/10 Travel award for the Pots-dam Sum-mer School, In-fant Stud-ies on Lan-guage De-vel-op-ment in
 []


Package hyperref Warning: The anchor of a bookmark and its parent's must not
(hyperref)                be the same. Added a new anchor on input line 704.


Underfull \hbox (badness 10000) in paragraph at lines 760--760
[]\T1/Carlito(0)/m/it/10 Wort-seg-men-tierung: Erken-nt-nisse aus der Psycho- und Neu-rolin-guis-tik (Word seg-men-ta-tion:
 []


Underfull \hbox (badness 10000) in paragraph at lines 778--778
[]\T1/Carlito(0)/m/it/10 Zwei Sprachen, ein Gehirn: Bilin-gual-is-mus und dessen Kon-se-quen-zen (Two Lan-guages, One
 []

[4]
Underfull \hbox (badness 10000) in paragraph at lines 801--801
[]\T1/Carlito(0)/m/it/10 Should I Buy That? Com-par-ing Me-dia Claims with Sci-en-tific Ev-i-dence from Brain & Be-hav-ior
 []


Underfull \hbox (badness 10000) in paragraph at lines 801--801
[]\T1/Carlito(0)/m/it/10 Eval-u-a-tion: 'I learned a lot from this course'- 3.03 (Dis-agree - 0 to
 []


Underfull \hbox (badness 10000) in paragraph at lines 829--829
[]\T1/Carlito(0)/m/it/10 Work-shop se-ries with TU Dort-mund and TU Braun-schweig
 []


Underfull \hbox (badness 10000) in paragraph at lines 829--829
\T1/Carlito(0)/m/it/10 (https://book-down.org/katie_m_von-holzen/Eye-track-ing_Sta-tis-ti-
 []


Underfull \hbox (badness 10000) in paragraph at lines 838--838
[]\T1/Carlito(0)/m/it/10 Doc-toral stu-dents, post-doc-toral re-searchers, and fac-ulty, Uni-ver-site Paris
 []


Underfull \hbox (badness 10000) in paragraph at lines 847--847
[]\T1/Carlito(0)/m/it/10 Doc-toral stu-dents, Re-search Train-ing Group 2070, Georg-August-
 []


Underfull \hbox (badness 10000) in paragraph at lines 856--856
[]\T1/Carlito(0)/m/it/10 Doc-toral stu-dents, post-doc-toral re-searchers, and fac-ulty, Uni-ver-site Paris
 []


Underfull \hbox (badness 10000) in paragraph at lines 866--866
\T1/Carlito(0)/m/it/10 The de-vel-op-ment of language-specific phono-log-i-cal bi-ases: A French-German cross-linguistic
 []


Underfull \hbox (badness 10000) in paragraph at lines 876--876
\T1/Carlito(0)/m/it/10 The Pho-netic Speci-ficity of British English-Learning In-fants' Word Form Recog-ni-tion in Their
 []


Package hyperref Warning: The anchor of a bookmark and its parent's must not
(hyperref)                be the same. Added a new anchor on input line 886.


Overfull \hbox (8.84pt too wide) in alignment at lines 888--894
[] []
 []


Underfull \hbox (badness 10000) in paragraph at lines 903--903
\T1/Carlito(0)/m/it/10 Ini-tial Steps into For-eign Lan-guage Learn-ing: Lex-i-cal and Mor-phosyn-tac-tic Abil-i-ties of Pri-mary
 []


Overfull \hbox (8.84pt too wide) in alignment at lines 898--909
[] []
 []



[5]
Underfull \hbox (badness 10000) in paragraph at lines 918--918
[]\T1/Carlito(0)/m/it/10 Auswirkun-gen kindgerichteter Sprache auf die Merk-fae-higkeit von Wo-ert-ern (The role of child-
 []


Underfull \hbox (badness 10000) in paragraph at lines 923--923
[]\T1/Carlito(0)/m/it/10 Beitet ``foreigner-directed speech'' einen Vorteil beim ler-nen? Auswirkung auf den Fremd-
 []


Underfull \hbox (badness 10000) in paragraph at lines 923--923
\T1/Carlito(0)/m/it/10 spracher-werb am Beispiel deutscher Chi-ne-sis-chlerner (Does foreigner-directed speech of-fer an
 []


Underfull \hbox (badness 10000) in paragraph at lines 923--923
\T1/Carlito(0)/m/it/10 ad-van-tage in learn-ing? An ex-am-i-na-tion of for-eign lan-guage ac-qui-si-tion in Ger-man learn-ers of
 []


Underfull \hbox (badness 10000) in paragraph at lines 928--928
[]\T1/Carlito(0)/m/it/10 Der Zusam-men-hang zwis-chen dem soziooekon-imis-che Sta-tus, der Haeu-figkeit des Vok-a-belin-puts
 []


Underfull \hbox (badness 10000) in paragraph at lines 928--928
\T1/Carlito(0)/m/it/10 und dem Wortschatz von bilin-gualen Kindern (The re-la-tion-ship be-tween SES, in-put fre-quency,
 []


Underfull \hbox (badness 10000) in paragraph at lines 933--933
[]\T1/Carlito(0)/m/it/10 Von Boomer zum Dig-i-tal Na-tive: Wie der Ein-fluss fremd-sprach-licher El-e-mente der Ju-gend-
 []


Underfull \hbox (badness 10000) in paragraph at lines 933--933
\T1/Carlito(0)/m/it/10 sprache in den sozialen Me-dien die Sprachver-ar-beitung bee-in-flusst (From Boomer to Dig-i-tal
 []


Underfull \hbox (badness 10000) in paragraph at lines 933--933
\T1/Carlito(0)/m/it/10 Na-tive: How for-eign lan-guage el-e-ments of Ger-man youth slang in so-cial me-dia in-flu-ence lan-
 []


Underfull \hbox (badness 10000) in paragraph at lines 938--938
[]\T1/Carlito(0)/m/it/10 The Dif-fer-ence in the Vo-cab-u-lary Size of Chil-dren with and with-out Down Syn-drome: A Meta-
 []


Underfull \hbox (badness 10000) in paragraph at lines 943--943
[]\T1/Carlito(0)/m/it/10 Seg-men-tierungs-fae-higkeit von infant- und adult-directed speech bei 11-13 Monate al-ten
 []


Underfull \hbox (badness 10000) in paragraph at lines 943--943
\T1/Carlito(0)/m/it/10 Kindern. Eine ERP-Studie. (Seg-men-ta-tion abil-i-ties in infant- and adult di-rected speech in
 []


Underfull \hbox (badness 10000) in paragraph at lines 958--958
[]\T1/Carlito(0)/m/it/10 The In-flu-ence of LGBTQ+ Ex-pe-ri-ence on the In-ter-pre-ta-tion of Sin-gu-lar They in L2 En-glish
 []


Underfull \hbox (badness 10000) in paragraph at lines 964--964
[]\T1/Carlito(0)/m/it/10 Dif-fer-ences be-tween Infant-Directed, Foreigner-Directed, and Adult-Directed Speech. An Acous-
 []


Underfull \hbox (badness 10000) in paragraph at lines 979--979
[]\T1/Carlito(0)/m/it/10 Us-age of Prosodic Cues: Mono-lin-gual and Bilin-gual In-fants' Word Seg-men-ta-tion Abil-i-ties in
 []


Underfull \hbox (badness 10000) in paragraph at lines 984--984
[]\T1/Carlito(0)/m/it/10 Er-weiterung einer Studie von Golinkoff & Alioto (1995) zur Rolle akustisch-prosodischer
 []


Underfull \hbox (badness 10000) in paragraph at lines 984--984
\T1/Carlito(0)/m/it/10 Sprach-mod-i-fika-tio-nen im Prozess des fremd-sprach-lichen Wortler-nens (Ex-ten-tion of Golinkoff
 []


Underfull \hbox (badness 10000) in paragraph at lines 984--984
\T1/Carlito(0)/m/it/10 & Alioto (1995) on the role of acoustic-prosodic speech mod-i-fi-ca-tions on word learn-ing in a
 []


Underfull \hbox (badness 10000) in paragraph at lines 989--989
[]\T1/Carlito(0)/m/it/10 Das Vere-in-fachen der Wort-seg-men-ta-tion bei Zweit-sprach-ler-nende: Eine Nei-gung zur
 []


Underfull \hbox (badness 10000) in paragraph at lines 989--989
\T1/Carlito(0)/m/it/10 kindgerechten und/oder erwach-se-nen-gerechten Sprech-weise (The fa-cil-i-ta-tion of L2 word seg-
 []


Underfull \hbox (badness 10000) in paragraph at lines 994--994
[]\T1/Carlito(0)/m/it/10 Ein-fluss des Zweit-sprach-niveaus auf den Er-werb ihrer Phono-tak-tik (The In-flu-ence of L2 pro-fi-
 []


Underfull \hbox (badness 10000) in paragraph at lines 999--999
[]\T1/Carlito(0)/m/it/10 Mehrsprachigkeit im Schu-lall-tag: In-wiefern beziehen Lehrkraefte die Er-st-sprache von Schuelerin-
 []


Underfull \hbox (badness 10000) in paragraph at lines 999--999
\T1/Carlito(0)/m/it/10 nen und Schuel-ern im deutsch-sprachigen (Fach-)Un-ter-richt mit ein? (Mul-ti-lin-gual-ism in
 []


Underfull \hbox (badness 10000) in paragraph at lines 1004--1004
[]\T1/Carlito(0)/m/it/10 Phono-tak-tis-che Seg-men-tierung der L2: Wie wirken L1-Merkmale deutscher Mut-ter-sprach-ler auf
 []


Underfull \hbox (badness 10000) in paragraph at lines 1004--1004
\T1/Carlito(0)/m/it/10 die Seg-men-tierung des Sprach-flusses und die Worterken-nung in der L2 En-glisch ein?. (Phono-
 []


Underfull \hbox (badness 10000) in paragraph at lines 1004--1004
\T1/Carlito(0)/m/it/10 tac-tic seg-men-ta-tion in the L2: How do L1 char-ac-ter-is-tics in-flu-ence the seg-men-ta-tion and word
 []

[6]
Underfull \hbox (badness 10000) in paragraph at lines 1020--1020
[]\T1/Carlito(0)/m/it/10 A fast note about slow rate in IDS: Ma-ter-nal speech rate to pre-ver-bal in-fants fa-cil-i-tates early
 []


Underfull \hbox (badness 10000) in paragraph at lines 1030--1030
\T1/Carlito(0)/m/it/10 French-learning in-fants' adap-ta-tion to a novel ac-cent: The role of con-so-nant/vowel asym-me-try
 []


Underfull \hbox (badness 10000) in paragraph at lines 1040--1040
\T1/Carlito(0)/m/it/10 Emer-gence of the C-bias dur-ing the first year of life: New ev-i-dence from own name recog-ni-tion
 []


Package hyperref Warning: The anchor of a bookmark and its parent's must not
(hyperref)                be the same. Added a new anchor on input line 1046.


Underfull \hbox (badness 10000) in paragraph at lines 1055--1055
[]|\T1/Carlito(0)/m/it/10 Von Holzen, K. (2025). Learner-directed reg-is-ters in for-eign lan-guage learn-ing. Pre-sented at the Team
 []


Underfull \hbox (badness 10000) in paragraph at lines 1055--1055
\T1/Carlito(0)/m/it/10 Meet-ing of the Lan-guage and Cog-ni-tion Group, The In-sti-tute of Neu-ro-science and Cog-ni-tion, Paris
 []


Underfull \hbox (badness 10000) in paragraph at lines 1061--1061
[]|\T1/Carlito(0)/m/it/10 Von Holzen, K. (2025). Ne-ces-sity and lim-i-ta-tions of guide-lines and stan-dard-iza-tion in read-ing re-search.
 []


Underfull \hbox (badness 10000) in paragraph at lines 1068--1068
[]|\T1/Carlito(0)/m/it/10 Von Holzen, K. (2024). For-eign lan-guage word recog-ni-tion be-fore in-struc-tion: The role of lex-i-cal and sub-
 []


Underfull \hbox (badness 10000) in paragraph at lines 1075--1075
[]|\T1/Carlito(0)/m/it/10 Von Holzen, K. (2024). The role of lex-i-cal over-lap and cog-nate fa-cil-i-ta-tion in ini-tial child for-eign lan-guage
 []


Underfull \hbox (badness 10000) in paragraph at lines 1075--1075
\T1/Carlito(0)/m/it/10 speech seg-men-ta-tion. Pre-sented at the Chair for Ger-man Lin-guis-tics Col-lo-quium, Lud-wig Max-i-m-il-ian
 []


Underfull \hbox (badness 10000) in paragraph at lines 1082--1082
[]|\T1/Carlito(0)/m/it/10 Von Holzen, K. (2024). Speech seg-men-ta-tion in pre-EFL chil-dren: The role of lex-i-cal and sub-lex-i-cal cues.
 []


Underfull \hbox (badness 10000) in paragraph at lines 1089--1089
[]|\T1/Carlito(0)/m/it/10 Von Holzen, K. (2024). For-eign lan-guage pro-cess-ing be-fore in-struc-tion: Speech seg-men-ta-tion in pre-EFL
 []


Underfull \hbox (badness 10000) in paragraph at lines 1089--1089
\T1/Carlito(0)/m/it/10 chil-dren. Pre-sented at the Cen-tre for Lan-guage Stud-ies Col-lo-quium Se-ries, Rad-boud Uni-ver-sity, Nether-
 []


Underfull \hbox (badness 10000) in paragraph at lines 1095--1095
[]|\T1/Carlito(0)/m/it/10 Von Holzen, K. (2024). Meta-analysis and mis-pro-nun-ci-a-tions: An in-tro-duc-tion to meta-analyses. Pre-
 []


Underfull \hbox (badness 10000) in paragraph at lines 1103--1103
[]|\T1/Carlito(0)/m/it/10 Von Holzen, K. (2024). Re-al-iz-ing ac-ces-si-bil-ity and im-prov-ing re-li-a-bil-ity in de-vel-op-men-tal sci-ence: Re-mote,
 []


Underfull \hbox (badness 10000) in paragraph at lines 1103--1103
\T1/Carlito(0)/m/it/10 on-line test-ing with ManyBabies-AtHome. Pre-sented at the Work-shop ``Learn-ing in Ba-bies and Ma-chines:
 []


Underfull \hbox (badness 10000) in paragraph at lines 1103--1103
\T1/Carlito(0)/m/it/10 Re-cip-ro-cal In-sights and Method-olog-i-cal Syn-er-gies,'' Chosun Cen-ter for Data Sci-ence in Hu-man-i-ties, South
 []


Underfull \hbox (badness 10000) in paragraph at lines 1111--1111
[]|\T1/Carlito(0)/m/it/10 Von Holzen, K. (2023). Foreign-language speech seg-men-ta-tion in ab ini-tio child learn-ers: The roles of
 []


Underfull \hbox (badness 10000) in paragraph at lines 1111--1111
\T1/Carlito(0)/m/it/10 sub-lex-i-cal and lex-i-cal L2 over-lap and phono-log-i-cal aware-ness. Pre-sented at the Team Meet-ing of the Lan-
 []


Underfull \hbox (badness 10000) in paragraph at lines 1111--1111
\T1/Carlito(0)/m/it/10 guage and Cog-ni-tion Group, The In-sti-tute of Neu-ro-science and Cog-ni-tion, Paris Descartes Uni-ver-site,
 []


Underfull \hbox (badness 10000) in paragraph at lines 1119--1119
[]|\T1/Carlito(0)/m/it/10 Von Holzen, K. (2023). Study-ing speech seg-men-ta-tion on-line us-ing be-hav-ioral, eye-tracking, and elec-tro-
 []


Underfull \hbox (badness 10000) in paragraph at lines 1119--1119
\T1/Carlito(0)/m/it/10 phys-i-o-log-i-cal meth-ods. Pre-sented at the Ringvor-lesung ``Re-cent Ad-vances in Lin-guis-tic Meth-ods,'' Lud-wig
 []



[7]
Underfull \hbox (badness 10000) in paragraph at lines 1125--1125
[]|\T1/Carlito(0)/m/it/10 Von Holzen, K. (2022). Doy-ou-un-der-stand-wha-tim-say-ing : How learn-ers break into speech stream seg-men-
 []


Underfull \hbox (badness 10000) in paragraph at lines 1131--1131
[]|\T1/Carlito(0)/m/it/10 Von Holzen, K. (2022). Us-ing cluster-based per-mu-ta-tion tests to anal-yse eye-tracking data. Pre-sented at
 []


Underfull \hbox (badness 10000) in paragraph at lines 1138--1138
[]|\T1/Carlito(0)/m/it/10 Von Holzen, K. (2022). Doy-ou-un-der-stand-wha-tI-amsay-ing? How learn-ers break into speech seg-men-ta-tion.
 []


Underfull \hbox (badness 10000) in paragraph at lines 1145--1145
[]|\T1/Carlito(0)/m/it/10 Von Holzen, K. (2022). Doy-ou-un-der-stand-wha-tI-amsay-ing? How learn-ers break into speech seg-men-ta-tion.
 []


Underfull \hbox (badness 10000) in paragraph at lines 1152--1152
[]|\T1/Carlito(0)/m/it/10 Von Holzen, K. (2021). Ba-bies know words, even when they're mis-pro-nounced: An in-tro-duc-tion to meta-
 []


Underfull \hbox (badness 10000) in paragraph at lines 1160--1160
[]|\T1/Carlito(0)/m/it/10 Von Holzen, K. (2020). Ba-bies know words, even when they're mis-pro-nounced: A meta-analysis of mis-
 []


Underfull \hbox (badness 10000) in paragraph at lines 1160--1160
\T1/Carlito(0)/m/it/10 pro-nun-ci-a-tion sen-si-tiv-ity stud-ies. Pre-sented at the Team Meet-ing of the Lan-guage and Cog-ni-tion Group,
 []


Underfull \hbox (badness 10000) in paragraph at lines 1167--1167
[]|\T1/Carlito(0)/m/it/10 Von Holzen, K. (2019). On the road to bilin-gual-ism: For-eign speech pro-cess-ing at first ex-po-sure in early
 []


Underfull \hbox (badness 10000) in paragraph at lines 1167--1167
\T1/Carlito(0)/m/it/10 child-hood. Pre-sented at the Psy-chol-ogy In-sti-tute Col-lo-quium, Jo-hannes Guten-berg Uni-ver-si-taet Mainz,
 []


Underfull \hbox (badness 10000) in paragraph at lines 1174--1174
[]|\T1/Carlito(0)/m/it/10 Von Holzen, K. (2019). Ba-bies know words, even when they're mis-pro-nounced: A meta-analysis of mis-
 []


Underfull \hbox (badness 10000) in paragraph at lines 1182--1182
[]|\T1/Carlito(0)/m/it/10 Von Holzen, K. (2018). On the road to bilin-gual-ism: The role of age in for-eign speech pro-cess-ing. Pre-
 []


Underfull \hbox (badness 10000) in paragraph at lines 1182--1182
\T1/Carlito(0)/m/it/10 sented at the Team Meet-ing of the Lan-guage and Cog-ni-tion Group, The In-sti-tute of Neu-ro-science and
 []


Underfull \hbox (badness 10000) in paragraph at lines 1188--1188
[]|\T1/Carlito(0)/m/it/10 Von Holzen, K. (2016). Phono-log-i-cal and lex-i-cal pro-cess-ing in first lan-guage and mul-ti-lin-gual ac-qui-si-tion.
 []


Underfull \hbox (badness 10000) in paragraph at lines 1195--1195
[]|\T1/Carlito(0)/m/it/10 Von Holzen, K., & Nazzi, T. (2016). Orig-ine de l'asyme-trie con-sonne/voyelle lors du traite-ment lex-i-cal.
 []


Underfull \hbox (badness 10000) in paragraph at lines 1195--1195
\T1/Carlito(0)/m/it/10 Pre-sented at the Agence na-tionale de la recherche meet-ing of the grant fund-ing pro-gramme BLANC 2013,
 []


Underfull \hbox (badness 10000) in paragraph at lines 1201--1201
[]|\T1/Carlito(0)/m/it/10 Von Holzen, K. (2014). Seg-men-ta-tion of infant- and adult-directed speech in 12-month-olds: An ERP
 []


Underfull \hbox (badness 10000) in paragraph at lines 1209--1209
[]|\T1/Carlito(0)/m/it/10 Von Holzen, K. (2012). The cog-nate fa-cil-i-ta-tion ef-fect in bilin-gual and mono-lin-gual tod-dlers. Pre-sented
 []


Underfull \hbox (badness 10000) in paragraph at lines 1209--1209
\T1/Carlito(0)/m/it/10 at the Work-shop on Mono-lin-gual and Bilin-gual Word Recog-ni-tion and Learn-ing in In-fants and Adults,
 []


Underfull \hbox (badness 10000) in paragraph at lines 1217--1217
[]|\T1/Carlito(0)/m/it/10 Von Holzen, K. (2012). Learn-ing phonemes from faces: The role of speaker iden-tity in non-native
 []


Underfull \hbox (badness 10000) in paragraph at lines 1217--1217
\T1/Carlito(0)/m/it/10 phoneme dis-crim-i-na-tion. Pre-sented at the Work-shop on Mono-lin-gual and Bilin-gual Word Recog-ni-tion
 []


Underfull \hbox (badness 10000) in paragraph at lines 1217--1217
\T1/Carlito(0)/m/it/10 and Learn-ing in In-fants and Adults, Basque Cen-ter on Cog-ni-tion, Brain, and Lan-guage, San Se-bas-tian,
 []


Underfull \hbox (badness 10000) in paragraph at lines 1225--1225
[]|\T1/Carlito(0)/m/it/10 Von Holzen, K. (2012). Mech-a-nisms un-der-ly-ing lex-i-cal pro-cess-ing in mono-lin-gual and bilin-gual tod-dlers.
 []


Underfull \hbox (badness 10000) in paragraph at lines 1225--1225
\T1/Carlito(0)/m/it/10 In L. Polka (Chair), Com-par-ing mono-lin-gual and bilin-gual lan-guage ac-qui-si-tion dur-ing in-fancy. In-vited
 []


Underfull \hbox (badness 10000) in paragraph at lines 1225--1225
\T1/Carlito(0)/m/it/10 sym-po-sium con-ducted at the XVI-I-Ith Bi-en-nial In-ter-na-tional Con-fer-ence on In-fant Stud-ies, Min-neapo-lis,
 []


Underfull \hbox (badness 10000) in paragraph at lines 1238--1238
[]|\T1/Carlito(0)/m/it/10 Von Holzen, K. (2025). Learner-directed reg-is-ters in for-eign lan-guage learn-ing. Pre-sented at the 30th
 []


Underfull \hbox (badness 10000) in paragraph at lines 1238--1238
\T1/Carlito(0)/m/it/10 LIPP Sym-po-sium ``Vari-a-tion and Cog-ni-tion in Lan-guage,'' Grad-u-ate School Lan-guage & Lit-er-a-ture, Lud-
 []


Underfull \hbox (badness 10000) in paragraph at lines 1245--1245
[]|\T1/Carlito(0)/m/it/10 Von Holzen, K., Schnieders, M., Wulfert, S., & Hopp, H. (2025). The role of lex-i-cal over-lap and cog-nate
 []


Underfull \hbox (badness 10000) in paragraph at lines 1245--1245
\T1/Carlito(0)/m/it/10 fa-cil-i-ta-tion in ini-tial child for-eign lan-guage speech seg-men-ta-tion. Talk pre-sented at the 15th In-ter-na-tional
 []


Underfull \hbox (badness 10000) in paragraph at lines 1253--1253
[]|\T1/Carlito(0)/m/it/10 Von Holzen, K., & Team, T. M.-A. L. (2025). ManyBabies-AtHome word recog-ni-tion: An on-line, cross-
 []


Underfull \hbox (badness 10000) in paragraph at lines 1253--1253
\T1/Carlito(0)/m/it/10 linguistic word recog-ni-tion study. Pre-sented at the HK 3.0 Work-shop ``Lan-guage, Cog-ni-tion, and So-ci-ety:
 []


Underfull \hbox (badness 10000) in paragraph at lines 1260--1260
[]|\T1/Carlito(0)/m/it/10 Flohr, M.-C., Schimke, S., Ma-ri-mon, M., & Von Holzen, K. (2025). A crosslin-guis-tic in-ves-ti-ga-tion of ini-
 []


Underfull \hbox (badness 10000) in paragraph at lines 1260--1260
\T1/Carlito(0)/m/it/10 tial for-eign lan-guage: Statis-tics vs. prosody. Pre-sented at In-ter-na-tional Sym-po-sium of Psy-cholin-guis-tics
 []


Underfull \hbox (badness 10000) in paragraph at lines 1267--1267
[]|\T1/Carlito(0)/m/it/10 Von Holzen, K., & Team, T. M.-A. L. (2024). ManyBabies-AtHome look-ing while lis-ten-ing: An on-line,
 []


Underfull \hbox (badness 10000) in paragraph at lines 1273--1273
[]|\T1/Carlito(0)/m/it/10 Wulfert, S., Von Holzen, K., Schnieders, M., & Hopp, H. (2023). Use of L1 phono-tac-tics in ini-tial foreign-
 []



[8]
Underfull \hbox (badness 10000) in paragraph at lines 1281--1281
[]|\T1/Carlito(0)/m/it/10 Von Holzen, K., Bergmann, C., & ManyBabies-AtHome-Consortium. (2022). ManyBabies-AtHome look-
 []


Underfull \hbox (badness 10000) in paragraph at lines 1281--1281
\T1/Carlito(0)/m/it/10 ing while lis-ten-ing: Con-struct-ing an on-line, cross-linguistic in-ves-ti-ga-tion of word recog-ni-tion. Pre-sented at
 []


Underfull \hbox (badness 10000) in paragraph at lines 1287--1287
[]|\T1/Carlito(0)/m/it/10 Von Holzen, K., & ManyBabies-AtHome-Consortium. (2022). ManyBabies-AtHome. Pre-sented at the
 []


Underfull \hbox (badness 10000) in paragraph at lines 1295--1295
[]|\T1/Carlito(0)/m/it/10 Schlage, F., & Von Holzen, K. (2021). From boomer to dig-i-tal na-tive: The in-flu-ence of an-gli-cisms in ger-
 []


Underfull \hbox (badness 10000) in paragraph at lines 1295--1295
\T1/Carlito(0)/m/it/10 man so-cial me-dia lan-guage on lan-guage pro-cess-ing. Pre-sented at the 2021 Con-fer-ence Ar-chi-tec-tures and
 []


Underfull \hbox (badness 10000) in paragraph at lines 1302--1302
[]|\T1/Carlito(0)/m/it/10 Boveleth, J., & Von Holzen, K. (2021). The dif-fer-ence in the vo-cab-u-lary size of chil-dren with und with-out
 []


Underfull \hbox (badness 10000) in paragraph at lines 1302--1302
\T1/Carlito(0)/m/it/10 down syn-drome: A meta anal-y-sis. Pre-sented at the Muen-ster Con-fer-ence Lin-guis-tic Rep-re-sent-tions and
 []


Underfull \hbox (badness 10000) in paragraph at lines 1309--1309
[]|\T1/Carlito(0)/m/it/10 Von Holzen, K., Har-nischmacher, V., & Schus-ter, N. (2021). Pho-netic cues in L2 speech seg-men-ta-tion.
 []


Underfull \hbox (badness 10000) in paragraph at lines 1309--1309
\T1/Carlito(0)/m/it/10 Pre-sented at the 2021 Con-fer-ence Ar-chi-tec-tures and Mech-a-nisms for Lan-guage Pro-cess-ing (AM-LaP),
 []


Underfull \hbox (badness 10000) in paragraph at lines 1317--1317
[]|\T1/Carlito(0)/m/it/10 Von Holzen, K., & Bergmann, C. (2019). Can a tog be a dog? A meta-analysis of ex-per-i-men-tal fac-tors
 []


Underfull \hbox (badness 10000) in paragraph at lines 1317--1317
\T1/Carlito(0)/m/it/10 in-flu-enc-ing in-fants' mis-pro-nun-ci-a-tion sen-si-tiv-ity. In Gonzalez-Gomez, N. (Chair), Big ideas to tackle small
 []


Underfull \hbox (badness 10000) in paragraph at lines 1317--1317
\T1/Carlito(0)/m/it/10 sam-ples. Pre-sented at the Bi-en-nial Meet-ing of the So-ci-ety for Re-search in Child De-vel-op-ment, Bal-ti-more,
 []


Underfull \hbox (badness 10000) in paragraph at lines 1324--1324
[]|\T1/Carlito(0)/m/it/10 Von Holzen, K., & Bergmann, C. (2018). A meta-analysis of in-fants' mis-pro-nun-ci-a-tion sen-si-tiv-ity de-vel-op-
 []


Underfull \hbox (badness 10000) in paragraph at lines 1332--1332
[]|\T1/Carlito(0)/m/it/10 Von Holzen, K., & New-man, R. (2018). On the road to bilin-gual-ism: The role of na-tive lan-guage knowl-
 []


Underfull \hbox (badness 10000) in paragraph at lines 1332--1332
\T1/Carlito(0)/m/it/10 edge in for-eign speech pro-cess-ing. In Koos-tra, G. J. and Bosma, E. (Chairs), Cross-language ac-ti-va-tion in
 []


Underfull \hbox (badness 10000) in paragraph at lines 1339--1339
[]|\T1/Carlito(0)/m/it/10 Von Holzen, K., Nishibayashi, L.-L., & Nazzi, T. (2017). An ERP study of con-so-nant and vowel pro-cess-
 []


Underfull \hbox (badness 10000) in paragraph at lines 1339--1339
\T1/Carlito(0)/m/it/10 ing of newly seg-mented word forms. Pre-sented at the Work-shop on In-fant Lan-guage De-vel-op-ment, Bil-bao,
 []


Underfull \hbox (badness 10000) in paragraph at lines 1346--1346
[]|\T1/Carlito(0)/m/it/10 Von Holzen, K., & Nazzi, T. (2015). The role of con-so-nants and vow-els in 5- and 8-month-old own name
 []


Underfull \hbox (badness 10000) in paragraph at lines 1346--1346
\T1/Carlito(0)/m/it/10 recog-ni-tion: Im-pli-ca-tions for lex-i-cal de-vel-op-ment. Pre-sented at the sec-ond Work-shop on In-fant Lan-guage
 []


Underfull \hbox (badness 10000) in paragraph at lines 1355--1355
[]|\T1/Carlito(0)/m/it/10 Von Holzen, K., Wolff, D., & Mani, N. (2014). Seg-men-ta-tion of infant- and adult-directed speech in 12-
 []


Underfull \hbox (badness 10000) in paragraph at lines 1355--1355
\T1/Carlito(0)/m/it/10 month-olds: An ERP study. In K. Von Holzen (Chair), Seg-ment-ing words from con-tin-u-ous speech: Ex-
 []


Underfull \hbox (badness 10000) in paragraph at lines 1355--1355
\T1/Carlito(0)/m/it/10 am-in-ing var-ied in-put sources for in-fants. Sym-po-sium con-ducted at the XIXth Bi-en-nial In-ter-na-tional
 []


Underfull \hbox (badness 10000) in paragraph at lines 1363--1363
[]|\T1/Carlito(0)/m/it/10 Von Holzen, K., Wolff, D., & Mani, N. (2013). Seg-men-tierungs-fähigkeit von infant- und adult-directed
 []


Underfull \hbox (badness 10000) in paragraph at lines 1363--1363
\T1/Carlito(0)/m/it/10 speech bei 12 monate al-ten kindern (seg-men-ta-tion of infant- and adult-directed speech in 12-month-old
 []


Underfull \hbox (badness 10000) in paragraph at lines 1372--1372
[]|\T1/Carlito(0)/m/it/10 Von Holzen, K., & Mani, N. (2012). Learn-ing phonemes from faces: The role of speaker iden-tity in non-
 []


Underfull \hbox (badness 10000) in paragraph at lines 1372--1372
\T1/Carlito(0)/m/it/10 native phoneme dis-crim-i-na-tion. In K. Von Holzen (Chair), In-fant pho-netic learn-ing in con-text: The in-flu-
 []


Underfull \hbox (badness 10000) in paragraph at lines 1372--1372
\T1/Carlito(0)/m/it/10 ence of faces, ob-jects, and words. Sym-po-sium con-ducted at the XVI-I-Ith Bi-en-nial In-ter-na-tional Con-fer-ence
 []


Underfull \hbox (badness 10000) in paragraph at lines 1379--1379
[]|\T1/Carlito(0)/m/it/10 Von Holzen, K., & Mani, N. (2012). The cog-nate fa-cil-i-ta-tion ef-fect in bilin-gual tod-dlers. Pre-sented at the
 []


Underfull \hbox (badness 10000) in paragraph at lines 1386--1386
[]|\T1/Carlito(0)/m/it/10 Von Holzen, K., & Mani, N. (2012). Lan-guage non-selective lex-i-cal ac-cess in bilin-gual tod-dlers. Pre-sented
 []


Underfull \hbox (badness 10000) in paragraph at lines 1395--1395
[]|\T1/Carlito(0)/m/it/10 Von Holzen, K., & Mani, N. (2011). Bilin-gual phono-log-i-cal prim-ing: An ERP study in-ves-ti-gat-ing in-ter-
 []


Underfull \hbox (badness 10000) in paragraph at lines 1395--1395
\T1/Carlito(0)/m/it/10 con-nec-tiv-ity of ac-ti-va-tion in the bilin-guals two lex-i-cons at dif-fer-ent points in de-vel-op-ment. In J. Mayor
 []


Underfull \hbox (badness 10000) in paragraph at lines 1395--1395
\T1/Carlito(0)/m/it/10 (Chair), The emer-gence of lex-i-cal net-works in the sec-ond year of life. Sym-po-sium con-ducted at the 17th
 []


Underfull \hbox (badness 10000) in paragraph at lines 1409--1409
[]|\T1/Carlito(0)/m/it/10 Schnieders, M., Von Holzen, K., & Hopp, H. (2025). On en-glish for-eign lan-guage learn-ing: The role of
 []


Underfull \hbox (badness 10000) in paragraph at lines 1409--1409
\T1/Carlito(0)/m/it/10 lex-i-cal pro-cess-ing for the pro-duc-tion of subject-verb agree-ment by ger-man pri-mary school stu-dents. Poster
 []


Underfull \hbox (badness 10000) in paragraph at lines 1417--1417
[]|\T1/Carlito(0)/m/it/10 Von Holzen, K., Schnieders, M., Wulfert, S., & Hopp, H. (2024). The role of lex-i-cal over-lap and cog-
 []


Underfull \hbox (badness 10000) in paragraph at lines 1417--1417
\T1/Carlito(0)/m/it/10 nate fa-cil-i-ta-tion in ini-tial child for-eign lan-guage speech seg-men-ta-tion. Poster pre-sented at IS-B-PAC 2024,
 []


Underfull \hbox (badness 10000) in paragraph at lines 1424--1424
[]|\T1/Carlito(0)/m/it/10 Von Holzen, K., Wulfert, S., Schnieders, M., & Hopp, H. (2024). Foreign-language speech seg-men-
 []


Underfull \hbox (badness 10000) in paragraph at lines 1424--1424
\T1/Carlito(0)/m/it/10 ta-tion in ab ini-tio child learn-ers. Poster pre-sented at IASCL 2024, Prague, Czech Re-pub-lic. []$https:
 []



[9]
Underfull \hbox (badness 10000) in paragraph at lines 1432--1432
[]|\T1/Carlito(0)/m/it/10 Von Holzen, K., Schnieders, M., & Hopp, H. (2023). Use of L1 lex-i-cal over-lap in ini-tial foreign-language
 []


Underfull \hbox (badness 10000) in paragraph at lines 1432--1432
\T1/Carlito(0)/m/it/10 speech seg-men-ta-tion. Pre-sented at the 2023 Con-fer-ence Ar-chi-tec-tures and Mech-a-nisms for Lan-guage
 []


Underfull \hbox (badness 10000) in paragraph at lines 1441--1441
[]|\T1/Carlito(0)/m/it/10 Von Holzen, K., Schnieders, M., Wulfert, S., & Hopp, H. (2023). Foreign-language speech seg-men-ta-tion in
 []


Underfull \hbox (badness 10000) in paragraph at lines 1441--1441
\T1/Carlito(0)/m/it/10 ab ini-tio child learn-ers: The roles of sub-lex-i-cal and lex-i-cal L2 over-lap and phono-log-i-cal aware-ness. Poster
 []


Underfull \hbox (badness 10000) in paragraph at lines 1441--1441
\T1/Carlito(0)/m/it/10 pre-sented at the 48th An-nual Boston Uni-ver-sity Con-fer-ence on Lan-guage De-vel-op-ment, Boston, MA.
 []


Underfull \hbox (badness 10000) in paragraph at lines 1448--1448
[]|\T1/Carlito(0)/m/it/10 Von Holzen, K., Schnieders, M., Wulfert, S., & Hopp, H. (2023). Lex-i-cal over-lap in for-eign lan-guage
 []


Underfull \hbox (badness 10000) in paragraph at lines 1448--1448
\T1/Carlito(0)/m/it/10 speech seg-men-ta-tion in primary-level stu-dents. Pre-sented at Eu-roSLA 32, Birm-ing-ham, UK. []$https:
 []


Underfull \hbox (badness 10000) in paragraph at lines 1456--1456
[]|\T1/Carlito(0)/m/it/10 Von Holzen, K., Wulfert, S., & Hopp, H. (2023). Use of L1 phono-tac-tics in ini-tial foreign-language speech
 []


Underfull \hbox (badness 10000) in paragraph at lines 1456--1456
\T1/Carlito(0)/m/it/10 seg-men-ta-tion. Pre-sented at the 2023 Con-fer-ence Ar-chi-tec-tures and Mech-a-nisms for Lan-guage Pro-cess-ing
 []


Underfull \hbox (badness 10000) in paragraph at lines 1463--1463
[]|\T1/Carlito(0)/m/it/10 Flohr, M.-C., Von Holzen, K., & Schimke, S. (2023). Ex-plor-ing the bound-aries of sta-tis-ti-cal learn-ing:
 []


Underfull \hbox (badness 10000) in paragraph at lines 1463--1463
\T1/Carlito(0)/m/it/10 Word seg-men-ta-tion in a nat-u-ral lan-guage. Pre-sented at Psy-cholin-guis-tics in Flan-ders (PiF) 2023, Ghent,
 []


Underfull \hbox (badness 10000) in paragraph at lines 1471--1471
[]|\T1/Carlito(0)/m/it/10 Flohr, M.-C., Von Holzen, K., & Schimke, S. (2023). Ex-plor-ing the bound-aries of sta-tis-ti-cal learn-ing:
 []


Underfull \hbox (badness 10000) in paragraph at lines 1471--1471
\T1/Carlito(0)/m/it/10 Word seg-men-ta-tion in a nat-u-ral lan-guage. Pre-sented at the 2023 Con-fer-ence Ar-chi-tec-tures and Mech-a-
 []


Underfull \hbox (badness 10000) in paragraph at lines 1478--1478
[]|\T1/Carlito(0)/m/it/10 Von Holzen, K. (2022). The role of speech mod-i-fi-ca-tions in ab inito learn-ers' ini-tial speech seg-men-ta-tion.
 []


Underfull \hbox (badness 10000) in paragraph at lines 1487--1487
[]|\T1/Carlito(0)/m/it/10 Von Holzen, K., Bergmann, C., & ManyBabies-AtHome-Consortium. (2022). ManyBabies-AtHome look-
 []


Underfull \hbox (badness 10000) in paragraph at lines 1487--1487
\T1/Carlito(0)/m/it/10 ing while lis-ten-ing: Con-struct-ing an on-line, cross-linguistic in-ves-ti-ga-tion of word recog-ni-tion. Pre-sented at
 []


Underfull \hbox (badness 10000) in paragraph at lines 1487--1487
\T1/Carlito(0)/m/it/10 the 2022 Work-shop on In-fant Lan-guage De-vel-op-ment, San Se-bas-tian, Spain. []$https://doi.org/10.6084/m9.
 []


Underfull \hbox (badness 10000) in paragraph at lines 1496--1496
[]|\T1/Carlito(0)/m/it/10 Von Holzen, K., & New-man, R. (2021). The recog-ni-tion of for-eign words at first ex-po-sure in early lan-
 []


Underfull \hbox (badness 10000) in paragraph at lines 1496--1496
\T1/Carlito(0)/m/it/10 guage de-vel-op-ment: The role of phono-log-i-cal sim-i-lar-ity. Pre-sented at the Bi-en-nial Meet-ing of the So-ci-ety
 []


Underfull \hbox (badness 10000) in paragraph at lines 1503--1503
[]|\T1/Carlito(0)/m/it/10 Von Holzen, K., & Bergmann, C. (2018). A meta-analysis of mis-pro-nun-ci-a-tion sen-si-tiv-ity in in-fancy. Pre-
 []


Underfull \hbox (badness 10000) in paragraph at lines 1510--1510
[]|\T1/Carlito(0)/m/it/10 Von Holzen, K., Van Om-men, S., White, K., & Nazzi, T. (2018). French-learning in-fants' adap-ta-tion to
 []


Underfull \hbox (badness 10000) in paragraph at lines 1510--1510
\T1/Carlito(0)/m/it/10 a novel ac-cent: The role of con-so-nant/vowel asym-me-try. Pre-sented at the XXIth Bi-en-nial In-ter-na-tional
 []


Underfull \hbox (badness 10000) in paragraph at lines 1517--1517
[]|\T1/Carlito(0)/m/it/10 Von Holzen, K., & Bergmann, C. (2017). Ba-bies know words, even when they are mis-pro-nounced:
 []


Underfull \hbox (badness 10000) in paragraph at lines 1517--1517
\T1/Carlito(0)/m/it/10 A meta-analytic view. Pre-sented at the Work-shop on In-fant Lan-guage De-vel-op-ment, Bil-bao, Spain.
 []


Underfull \hbox (badness 10000) in paragraph at lines 1525--1525
[]|\T1/Carlito(0)/m/it/10 Von Holzen, K., Rider, D., & Nazzi, T. (2017). Con-so-nant and vowel pro-cess-ing in 5-, 8-, and 11-month-
 []


Underfull \hbox (badness 10000) in paragraph at lines 1525--1525
\T1/Carlito(0)/m/it/10 olds own name recog-ni-tion: The role of acous-tic/pho-netic and lex-i-cal fac-tors. Pre-sented at the Congress
 []


Underfull \hbox (badness 10000) in paragraph at lines 1532--1532
[]|\T1/Carlito(0)/m/it/10 Von Holzen, K., Nishibayashi, L.-L., & Nazzi, T. (2017). Neu-ral bases of phono-log-i-cal pro-cess-ing of newly
 []


Underfull \hbox (badness 10000) in paragraph at lines 1532--1532
\T1/Carlito(0)/m/it/10 seg-mented word forms. Pre-sented at the 2017 Boston Uni-ver-sity Con-fer-ence on Lan-guage De-vel-op-ment,
 []


Underfull \hbox (badness 10000) in paragraph at lines 1539--1539
[]|\T1/Carlito(0)/m/it/10 Von Holzen, K., Fen-nell, C. T., & Mani, N. (2014). The cog-nate fa-cil-i-ta-tion ef-fect in bilin-gual and mono-
 []


Underfull \hbox (badness 10000) in paragraph at lines 1539--1539
\T1/Carlito(0)/m/it/10 lin-gual tod-dlers. Pre-sented at the XIXth Bi-en-nial In-ter-na-tional Con-fer-ence on In-fant Stud-ies, Berlin,
 []


Underfull \hbox (badness 10000) in paragraph at lines 1546--1546
[]|\T1/Carlito(0)/m/it/10 Von Holzen, K., Wolff, D., & Mani, N. (2013). Seg-men-ta-tion of IDS and ADS in 12-month-olds: An ERP
 []


Underfull \hbox (badness 10000) in paragraph at lines 1553--1553
[]|\T1/Carlito(0)/m/it/10 Von Holzen, K., Kre-mer, F., & Mani, N. (2013). As-so-ci-at-ing a lan-guage with a speaker: Bilin-gual pro-
 []


Underfull \hbox (badness 10000) in paragraph at lines 1553--1553
\T1/Carlito(0)/m/it/10 duc-tion is in-flu-enced by speaker lan-guage. Pre-sented at the In-ter-na-tional Work-shop on Bilin-gual-ism and
 []


Underfull \hbox (badness 10000) in paragraph at lines 1560--1560
[]|\T1/Carlito(0)/m/it/10 Von Holzen, K., & Mani, N. (2013). Na-tive and non-native phoneme per-cep-tion in bilin-gual tod-dlers: A
 []


Underfull \hbox (badness 10000) in paragraph at lines 1567--1567
[]|\T1/Carlito(0)/m/it/10 Von Holzen, K., & Mani, N. (2011). Learn-ing phonemes from faces: The role of speaker iden-tity in non-
 []


Underfull \hbox (badness 10000) in paragraph at lines 1567--1567
\T1/Carlito(0)/m/it/10 native phoneme dis-crim-i-na-tion. Pre-sented at the 2011 Boston Uni-ver-sity Con-fer-ence on Lan-guage De-vel-
 []


Underfull \hbox (badness 10000) in paragraph at lines 1573--1573
[]|\T1/Carlito(0)/m/it/10 Von Holzen, K., & Mani, N. (2011). Word-word re-la-tion-ships be-tween lan-guages and across de-vel-op-ment.
 []



[10]
Underfull \hbox (badness 10000) in paragraph at lines 1579--1579
[]|\T1/Carlito(0)/m/it/10 Von Holzen, K., & Mani, N. (2010). Phono-log-i-cal prim-ing across lan-guage bor-ders: No pass-port re-quired?
 []


Package hyperref Warning: The anchor of a bookmark and its parent's must not
(hyperref)                be the same. Added a new anchor on input line 1586.


Underfull \hbox (badness 10000) in paragraph at lines 1593--1593
\T1/Carlito(0)/m/it/10 De-sign-ing ex-per-i-ments, in-clud-ing lex-i-cal de-ci-sion (adults), vi-sual world paradigm (with and
 []


Underfull \hbox (badness 10000) in paragraph at lines 1593--1593
\T1/Carlito(0)/m/it/10 with-out an eye-tracker) and pref-er-en-tial lis-ten-ing (in-fants); Ex-pe-ri-ence ad-vis-ing col-leagues on
 []


Underfull \hbox (badness 10000) in paragraph at lines 1593--1593
\T1/Carlito(0)/m/it/10 ex-per-i-men-tal de-sign; Con-duct-ing tu-to-ri-als with col-leagues and stu-dents; Launch-ing ex-per-i-ments
 []


Overfull \hbox (33.86783pt too wide) in alignment at lines 1588--1604
[] []
 []


Underfull \hbox (badness 10000) in paragraph at lines 1614--1614
\T1/Carlito(0)/m/it/10 Ad-vis-ing col-leagues on sta-tis-ti-cal anal-y-sis, data wran-gling; Con-duct-ing tu-to-ri-als; Growth
 []


Underfull \hbox (badness 10000) in paragraph at lines 1614--1614
\T1/Carlito(0)/m/it/10 growth curve mod-el-ing (lmer pack-age); Mixed ef-fects mod-els (lmer pack-age); ANOVA anal-y-
 []


Underfull \hbox (badness 10000) in paragraph at lines 1614--1614
\T1/Carlito(0)/m/it/10 ses (ez pack-age); Pro-duc-ing beau-ti-ful graph-ics (gg-plot2 pack-age); An-a-lyz-ing vo-cab-u-lary data
 []


Underfull \hbox (badness 10000) in paragraph at lines 1614--1614
\T1/Carlito(0)/m/it/10 cor-pora (word-bankr pack-age); Power anal-y-sis (pwr pack-age); Cre-at-ing RMark-down files to
 []


Underfull \hbox (badness 10000) in paragraph at lines 1619--1619
\T1/Carlito(0)/m/it/10 Script-ing to au-to-mat-i-cally an-a-lyze sounds (pitch, du-ra-tion, in-ten-sity); Stim-uli cre-ation; In-ter-fac-
 []


Underfull \hbox (badness 10000) in paragraph at lines 1619--1619
\T1/Carlito(0)/m/it/10 ing with CLAN out-put to an-a-lyze cor-pora; In-ter-fac-ing with a forced aligner (Easy Align); Used
 []


Underfull \hbox (badness 10000) in paragraph at lines 1624--1624
\T1/Carlito(0)/m/it/10 An-a-lyz-ing length of ut-ter-ance; Time-locking tran-scripts to au-dio record-ings; In-ter-fac-ing with
 []


Underfull \hbox (badness 10000) in paragraph at lines 1629--1629
\T1/Carlito(0)/m/it/10 Pre-pro-cess-ing EEG data; Con-duct-ing tu-to-ri-als; Re-lated MAT-LAB script-ing to au-to-mat-i-cally
 []


Package hyperref Warning: The anchor of a bookmark and its parent's must not
(hyperref)                be the same. Added a new anchor on input line 1639.

[11]
Underfull \hbox (badness 10000) in paragraph at lines 1750--1750
[]\T1/Carlito(0)/m/it/10 Rosa Parks El-e-men-tary School, Hy-attsville Ed-u-ca-tion Ad-vi-sory Com-mit-tee's Sum-mer Read-ing
 []



[12] (./K_Von_Holzen_CV.aux)
 ***********
LaTeX2e <2025-06-01> patch level 1
L3 programming layer <2025-09-02>
 ***********

LaTeX Font Warning: Some font shapes were not available, defaults substituted.


LaTeX Warning: There were multiply-defined labels.

Package rerunfilecheck Info: File `K_Von_Holzen_CV.out' has not changed.
(rerunfilecheck)             Checksum: 25E50B32FE578087000480603F021788;5536.
)

Here is how much of LuaTeX's memory you used:
 18013 strings out of 476291
 125005,794899 words of node,token memory allocated
 696 words of node memory still in use:
   3 hlist, 1 vlist, 1 rule, 2 glue, 3 kern, 1 glyph, 14 attribute, 86 glue_spec, 14 attribute_list, 1 write, 10 pdf_action nodes
   avail lists: 2:1274,3:746,4:117,5:906,6:148,7:12863,8:64,9:1029,10:28,11:933
 39764 multiletter control sequences out of 65536+600000
 59 fonts using 9170543 bytes
 88i,19n,109p,1021b,1129s stack positions out of 10000i,1000n,20000p,200000b,200000s
{c:/Users/KatieVH/AppData/Roaming/TinyTeX/texmf-dist/fonts/enc/dvips/lm/lm-ec.enc}<c:/Users/KatieVH/AppData/Roaming/TinyTeX/texmf-dist/fonts/opentype/public/fontawesome5/FontAwesome5Brands-Regular-400.otf><c:/Users/KatieVH/AppData/Roaming/TinyTeX/texmf-dist/fonts/opentype/public/fontawesome5/FontAwesome5Free-Solid-900.otf><c:/Users/KatieVH/AppData/Roaming/TinyTeX/texmf-dist/fonts/truetype/google/carlito/Carlito-Regular.ttf><c:/Users/KatieVH/AppData/Roaming/TinyTeX/texmf-dist/fonts/truetype/google/carlito/Carlito-Bold.ttf><c:/Users/KatieVH/AppData/Roaming/TinyTeX/texmf-dist/fonts/type1/public/lm/lmr10.pfb><c:/Users/KatieVH/AppData/Roaming/TinyTeX/texmf-dist/fonts/type1/public/lm/lmr8.pfb><c:/Users/KatieVH/AppData/Roaming/TinyTeX/texmf-dist/fonts/type1/urw/zapfding/uzdr.pfb>
Output written on K_Von_Holzen_CV.pdf (12 pages, 149320 bytes).

PDF statistics: 415 PDF objects out of 1000 (max. 8388607)
 382 compressed objects within 4 object streams
 147 named destinations out of 1000 (max. 131072)
 305 words of extra memory for PDF output out of 10000 (max. 100000000)

